<html>
<body>
<pre>
<h1>µVision Build Log</h1>
<h2>Tool Versions:</h2>
IDE-Version: ¦ÌVision V5.25.3.0
Copyright (C) 2018 ARM Ltd and ARM Germany GmbH. All rights reserved.
License Information: 1 Microsoft, Microsoft, LIC=S5ITG-V5G2Q-BXVUY-I5T0J-4HUEL-MI8C5
 
Tool Versions:
Toolchain:       MDK-ARM Professional  Version: 5.25.2.0
Toolchain Path:  D:\Keil_v5\ARM\ARMCC\Bin
C Compiler:      Armcc.exe V5.06 update 6 (build 750)
Assembler:       Armasm.exe V5.06 update 6 (build 750)
Linker/Locator:  ArmLink.exe V5.06 update 6 (build 750)
Library Manager: ArmAr.exe V5.06 update 6 (build 750)
Hex Converter:   FromElf.exe V5.06 update 6 (build 750)
CPU DLL:         SARMCM3.DLL V5.25.2.0
Dialog DLL:      DCM.DLL V1.17.1.0
Target DLL:      Segger\JL2CM3.dll V2.99.29.0
Dialog DLL:      TCM.DLL V1.35.1.0
 
<h2>Project:</h2>
F:\5530BNEW\Project\JK_BTSET.uvproj
Project File Date:  01/28/2019

<h2>Output:</h2>
*** Using Compiler 'V5.06 update 6 (build 750)', folder: 'D:\Keil_v5\ARM\ARMCC\Bin'
Build target 'JK_BTSET'
compiling R_Face.c...
..\APP\R_Face.c(264): warning:  #223-D: function "DrawLock" declared implicitly
      DrawLock();
..\APP\R_Face.c(432): warning:  #1035-D: single-precision operand implicitly converted to double-precision
                                        time1 = (float)GUI_GetTime()/500.0;
..\APP\R_Face.c(453): warning:  #1035-D: single-precision operand implicitly converted to double-precision
                                                if((float)(GUI_GetTime()/500.0 - time1) > 2.5)
..\APP\R_Face.c(474): warning:  #1035-D: single-precision operand implicitly converted to double-precision
                                if(DISS_Voltage < 0.3)
..\APP\R_Face.c(578): warning:  #1035-D: single-precision operand implicitly converted to double-precision
                        if(DISS_Voltage < 0.3)
..\APP\R_Face.c(1047): warning:  #223-D: function "setmode_r" declared implicitly
      setmode_r();
..\APP\R_Face.c(1543): warning:  #177-D: variable "hItem"  was declared but never referenced
              WM_HWIN hItem;
..\APP\R_Face.c(1556): warning:  #177-D: variable "hItem"  was declared but never referenced
              WM_HWIN hItem;
..\APP\R_Face.c(2359): warning:  #1035-D: single-precision operand implicitly converted to double-precision
      if(((crec1 < crec2 && crec2 > 0.3) || v - /*DISS_Voltage*/DISS_Voltage > v*0.9) && para_set2 == set_2_on)
..\APP\R_Face.c(2359): warning:  #1035-D: single-precision operand implicitly converted to double-precision
      if(((crec1 < crec2 && crec2 > 0.3) || v - /*DISS_Voltage*/DISS_Voltage > v*0.9) && para_set2 == set_2_on)
..\APP\R_Face.c(2404): warning:  #1035-D: single-precision operand implicitly converted to double-precision
      if(v - /*DISS_Voltage*/DISS_Voltage > v*0.9 && para_set2 == set_2_on)
..\APP\R_Face.c: 11 warnings, 0 errors
compiling load_Face.c...
..\Include\internalflash.h(55): warning:  #1-D: last line of file ends without a newline
  #endif
..\APP\load_Face.c(152): warning:  #223-D: function "DrawLock" declared implicitly
          DrawLock();
..\APP\load_Face.c(201): warning:  #1035-D: single-precision operand implicitly converted to double-precision
              if(DISS_Voltage < 0.3)
..\APP\load_Face.c(108): warning:  #177-D: variable "olvbuff"  was declared but never referenced
    static float olvbuff,oldv;
..\APP\load_Face.c(108): warning:  #177-D: variable "oldv"  was declared but never referenced
    static float olvbuff,oldv;
..\APP\load_Face.c(109): warning:  #177-D: variable "testc1"  was declared but never referenced
    static float testc1,testc2,testres;
..\APP\load_Face.c(109): warning:  #177-D: variable "testc2"  was declared but never referenced
    static float testc1,testc2,testres;
..\APP\load_Face.c(109): warning:  #177-D: variable "testres"  was declared but never referenced
    static float testc1,testc2,testres;
..\APP\load_Face.c(585): warning:  #223-D: function "IO_OFF" declared implicitly
        IO_OFF();
..\APP\load_Face.c: 9 warnings, 0 errors
linking...
Program Size: Code=183698 RO-data=126330 RW-data=2344 ZI-data=34648  
FromELF: creating hex file...
"..\Output\JK_BTSET.axf" - 0 Error(s), 20 Warning(s).
Build Time Elapsed:  00:00:07
</pre>
</body>
</html>
