Component: ARM Compiler 5.06 update 6 (build 750) Tool: armlink [4d35ed]

==============================================================================

Section Cross References

    startup_stm32f40_41xxx.o(STACK) refers (Special) to heapauxi.o(.text) for __use_two_region_memory
    startup_stm32f40_41xxx.o(HEAP) refers (Special) to heapauxi.o(.text) for __use_two_region_memory
    startup_stm32f40_41xxx.o(RESET) refers (Special) to heapauxi.o(.text) for __use_two_region_memory
    startup_stm32f40_41xxx.o(RESET) refers to startup_stm32f40_41xxx.o(STACK) for __initial_sp
    startup_stm32f40_41xxx.o(RESET) refers to startup_stm32f40_41xxx.o(.text) for Reset_Handler
    startup_stm32f40_41xxx.o(RESET) refers to stm32f4xx_it.o(i.NMI_Handler) for NMI_Handler
    startup_stm32f40_41xxx.o(RESET) refers to stm32f4xx_it.o(i.HardFault_Handler) for HardFault_Handler
    startup_stm32f40_41xxx.o(RESET) refers to stm32f4xx_it.o(i.MemManage_Handler) for MemManage_Handler
    startup_stm32f40_41xxx.o(RESET) refers to stm32f4xx_it.o(i.BusFault_Handler) for BusFault_Handler
    startup_stm32f40_41xxx.o(RESET) refers to stm32f4xx_it.o(i.UsageFault_Handler) for UsageFault_Handler
    startup_stm32f40_41xxx.o(RESET) refers to stm32f4xx_it.o(i.SVC_Handler) for SVC_Handler
    startup_stm32f40_41xxx.o(RESET) refers to stm32f4xx_it.o(i.DebugMon_Handler) for DebugMon_Handler
    startup_stm32f40_41xxx.o(RESET) refers to stm32f4xx_it.o(i.PendSV_Handler) for PendSV_Handler
    startup_stm32f40_41xxx.o(RESET) refers to stm32f4xx_it.o(i.SysTick_Handler) for SysTick_Handler
    startup_stm32f40_41xxx.o(RESET) refers to tim6.o(i.TIM3_IRQHandler) for TIM3_IRQHandler
    startup_stm32f40_41xxx.o(RESET) refers to tim6.o(i.TIM4_IRQHandler) for TIM4_IRQHandler
    startup_stm32f40_41xxx.o(RESET) refers to stm32f4xx_it.o(i.USART1_IRQHandler) for USART1_IRQHandler
    startup_stm32f40_41xxx.o(RESET) refers to stm32f4xx_it.o(i.USART3_IRQHandler) for USART3_IRQHandler
    startup_stm32f40_41xxx.o(RESET) refers to tim6.o(i.TIM5_IRQHandler) for TIM5_IRQHandler
    startup_stm32f40_41xxx.o(RESET) refers to stm32f4xx_it.o(i.TIM6_DAC_IRQHandler) for TIM6_DAC_IRQHandler
    startup_stm32f40_41xxx.o(RESET) refers to stm32f4xx_it.o(i.DMA2_Stream0_IRQHandler) for DMA2_Stream0_IRQHandler
    startup_stm32f40_41xxx.o(RESET) refers to usbh_usr.o(i.OTG_FS_IRQHandler) for OTG_FS_IRQHandler
    startup_stm32f40_41xxx.o(.text) refers (Special) to heapauxi.o(.text) for __use_two_region_memory
    startup_stm32f40_41xxx.o(.text) refers to system_stm32f4xx.o(i.SystemInit) for SystemInit
    startup_stm32f40_41xxx.o(.text) refers to __main.o(!!!main) for __main
    startup_stm32f40_41xxx.o(.text) refers to startup_stm32f40_41xxx.o(HEAP) for Heap_Mem
    startup_stm32f40_41xxx.o(.text) refers to startup_stm32f40_41xxx.o(STACK) for Stack_Mem
    system_stm32f4xx.o(i.SystemCoreClockUpdate) refers to system_stm32f4xx.o(.data) for .data
    system_stm32f4xx.o(i.SystemInit) refers to system_stm32f4xx.o(i.SetSysClock) for SetSysClock
    stm32f4xx_adc.o(i.ADC_DeInit) refers to stm32f4xx_rcc.o(i.RCC_APB2PeriphResetCmd) for RCC_APB2PeriphResetCmd
    stm32f4xx_can.o(i.CAN_DeInit) refers to stm32f4xx_rcc.o(i.RCC_APB1PeriphResetCmd) for RCC_APB1PeriphResetCmd
    stm32f4xx_can.o(i.CAN_GetITStatus) refers to stm32f4xx_can.o(i.CheckITStatus) for CheckITStatus
    stm32f4xx_cryp.o(i.CRYP_DeInit) refers to stm32f4xx_rcc.o(i.RCC_AHB2PeriphResetCmd) for RCC_AHB2PeriphResetCmd
    stm32f4xx_cryp_aes.o(i.CRYP_AES_CBC) refers to stm32f4xx_cryp.o(i.CRYP_KeyStructInit) for CRYP_KeyStructInit
    stm32f4xx_cryp_aes.o(i.CRYP_AES_CBC) refers to stm32f4xx_cryp.o(i.CRYP_KeyInit) for CRYP_KeyInit
    stm32f4xx_cryp_aes.o(i.CRYP_AES_CBC) refers to stm32f4xx_cryp.o(i.CRYP_Init) for CRYP_Init
    stm32f4xx_cryp_aes.o(i.CRYP_AES_CBC) refers to stm32f4xx_cryp.o(i.CRYP_IVInit) for CRYP_IVInit
    stm32f4xx_cryp_aes.o(i.CRYP_AES_CBC) refers to stm32f4xx_cryp.o(i.CRYP_FIFOFlush) for CRYP_FIFOFlush
    stm32f4xx_cryp_aes.o(i.CRYP_AES_CBC) refers to stm32f4xx_cryp.o(i.CRYP_Cmd) for CRYP_Cmd
    stm32f4xx_cryp_aes.o(i.CRYP_AES_CBC) refers to stm32f4xx_cryp.o(i.CRYP_GetCmdStatus) for CRYP_GetCmdStatus
    stm32f4xx_cryp_aes.o(i.CRYP_AES_CBC) refers to stm32f4xx_cryp.o(i.CRYP_GetFlagStatus) for CRYP_GetFlagStatus
    stm32f4xx_cryp_aes.o(i.CRYP_AES_CBC) refers to stm32f4xx_cryp.o(i.CRYP_DataIn) for CRYP_DataIn
    stm32f4xx_cryp_aes.o(i.CRYP_AES_CBC) refers to stm32f4xx_cryp.o(i.CRYP_DataOut) for CRYP_DataOut
    stm32f4xx_cryp_aes.o(i.CRYP_AES_CCM) refers to stm32f4xx_cryp.o(i.CRYP_KeyStructInit) for CRYP_KeyStructInit
    stm32f4xx_cryp_aes.o(i.CRYP_AES_CCM) refers to stm32f4xx_cryp.o(i.CRYP_FIFOFlush) for CRYP_FIFOFlush
    stm32f4xx_cryp_aes.o(i.CRYP_AES_CCM) refers to stm32f4xx_cryp.o(i.CRYP_KeyInit) for CRYP_KeyInit
    stm32f4xx_cryp_aes.o(i.CRYP_AES_CCM) refers to stm32f4xx_cryp.o(i.CRYP_IVInit) for CRYP_IVInit
[...]
    Removing stm32f4xx_fsmc.o(i.FSMC_PCCARDCmd), (36 bytes).
    Removing stm32f4xx_fsmc.o(i.FSMC_PCCARDDeInit), (28 bytes).
    Removing stm32f4xx_fsmc.o(i.FSMC_PCCARDInit), (104 bytes).
    Removing stm32f4xx_fsmc.o(i.FSMC_PCCARDStructInit), (60 bytes).
    Removing stm32f4xx_fsmc.o(.constdata), (28 bytes).
    Removing stm32f4xx_gpio.o(.rev16_text), (4 bytes).
    Removing stm32f4xx_gpio.o(.revsh_text), (4 bytes).
    Removing stm32f4xx_gpio.o(i.GPIO_DeInit), (340 bytes).
    Removing stm32f4xx_gpio.o(i.GPIO_PinLockConfig), (26 bytes).
    Removing stm32f4xx_gpio.o(i.GPIO_ReadInputData), (6 bytes).
    Removing stm32f4xx_gpio.o(i.GPIO_ReadOutputData), (6 bytes).
    Removing stm32f4xx_gpio.o(i.GPIO_ReadOutputDataBit), (14 bytes).
    Removing stm32f4xx_gpio.o(i.GPIO_StructInit), (18 bytes).
    Removing stm32f4xx_gpio.o(i.GPIO_ToggleBits), (8 bytes).
    Removing stm32f4xx_gpio.o(i.GPIO_Write), (4 bytes).
    Removing stm32f4xx_gpio.o(i.GPIO_WriteBit), (12 bytes).
    Removing stm32f4xx_hash.o(.rev16_text), (4 bytes).
    Removing stm32f4xx_hash.o(.revsh_text), (4 bytes).
    Removing stm32f4xx_hash.o(i.HASH_AutoStartDigest), (32 bytes).
    Removing stm32f4xx_hash.o(i.HASH_ClearFlag), (12 bytes).
    Removing stm32f4xx_hash.o(i.HASH_ClearITPendingBit), (12 bytes).
    Removing stm32f4xx_hash.o(i.HASH_DMACmd), (32 bytes).
    Removing stm32f4xx_hash.o(i.HASH_DataIn), (12 bytes).
    Removing stm32f4xx_hash.o(i.HASH_DeInit), (22 bytes).
    Removing stm32f4xx_hash.o(i.HASH_GetDigest), (72 bytes).
    Removing stm32f4xx_hash.o(i.HASH_GetFlagStatus), (32 bytes).
    Removing stm32f4xx_hash.o(i.HASH_GetITStatus), (28 bytes).
    Removing stm32f4xx_hash.o(i.HASH_GetInFIFOWordsNbr), (16 bytes).
    Removing stm32f4xx_hash.o(i.HASH_ITConfig), (28 bytes).
    Removing stm32f4xx_hash.o(i.HASH_Init), (68 bytes).
    Removing stm32f4xx_hash.o(i.HASH_Reset), (16 bytes).
    Removing stm32f4xx_hash.o(i.HASH_RestoreContext), (68 bytes).
    Removing stm32f4xx_hash.o(i.HASH_SaveContext), (60 bytes).
    Removing stm32f4xx_hash.o(i.HASH_SetLastWordValidBitsNbr), (24 bytes).
    Removing stm32f4xx_hash.o(i.HASH_StartDigest), (16 bytes).
    Removing stm32f4xx_hash.o(i.HASH_StructInit), (12 bytes).
    Removing stm32f4xx_hash_md5.o(.rev16_text), (4 bytes).
    Removing stm32f4xx_hash_md5.o(.revsh_text), (4 bytes).
    Removing stm32f4xx_hash_md5.o(i.HASH_MD5), (156 bytes).
    Removing stm32f4xx_hash_md5.o(i.HMAC_MD5), (328 bytes).
    Removing stm32f4xx_hash_sha1.o(.rev16_text), (4 bytes).
    Removing stm32f4xx_hash_sha1.o(.revsh_text), (4 bytes).
    Removing stm32f4xx_hash_sha1.o(i.HASH_SHA1), (162 bytes).
    Removing stm32f4xx_hash_sha1.o(i.HMAC_SHA1), (336 bytes).
    Removing stm32f4xx_i2c.o(.rev16_text), (4 bytes).
    Removing stm32f4xx_i2c.o(.revsh_text), (4 bytes).
    Removing stm32f4xx_i2c.o(i.I2C_ARPCmd), (24 bytes).
    Removing stm32f4xx_i2c.o(i.I2C_AcknowledgeConfig), (24 bytes).
    Removing stm32f4xx_i2c.o(i.I2C_AnalogFilterCmd), (24 bytes).
    Removing stm32f4xx_i2c.o(i.I2C_CalculatePEC), (24 bytes).
    Removing stm32f4xx_i2c.o(i.I2C_CheckEvent), (24 bytes).
    Removing stm32f4xx_i2c.o(i.I2C_ClearFlag), (6 bytes).
    Removing stm32f4xx_i2c.o(i.I2C_ClearITPendingBit), (6 bytes).
    Removing stm32f4xx_i2c.o(i.I2C_Cmd), (24 bytes).
    Removing stm32f4xx_i2c.o(i.I2C_DMACmd), (24 bytes).
    Removing stm32f4xx_i2c.o(i.I2C_DMALastTransferCmd), (24 bytes).
    Removing stm32f4xx_i2c.o(i.I2C_DeInit), (100 bytes).
    Removing stm32f4xx_i2c.o(i.I2C_DigitalFilterConfig), (16 bytes).
    Removing stm32f4xx_i2c.o(i.I2C_DualAddressCmd), (24 bytes).
    Removing stm32f4xx_i2c.o(i.I2C_FastModeDutyCycleConfig), (26 bytes).
    Removing stm32f4xx_i2c.o(i.I2C_GeneralCallCmd), (24 bytes).
    Removing stm32f4xx_i2c.o(i.I2C_GenerateSTART), (24 bytes).
    Removing stm32f4xx_i2c.o(i.I2C_GenerateSTOP), (24 bytes).
    Removing stm32f4xx_i2c.o(i.I2C_GetFlagStatus), (50 bytes).
    Removing stm32f4xx_i2c.o(i.I2C_GetITStatus), (34 bytes).
    Removing stm32f4xx_i2c.o(i.I2C_GetLastEvent), (14 bytes).
    Removing stm32f4xx_i2c.o(i.I2C_GetPEC), (6 bytes).
    Removing stm32f4xx_i2c.o(i.I2C_ITConfig), (20 bytes).
    Removing stm32f4xx_i2c.o(i.I2C_Init), (188 bytes).
    Removing stm32f4xx_i2c.o(i.I2C_NACKPositionConfig), (26 bytes).
    Removing stm32f4xx_i2c.o(i.I2C_OwnAddress2Config), (16 bytes).
    Removing stm32f4xx_i2c.o(i.I2C_PECPositionConfig), (26 bytes).
    Removing stm32f4xx_i2c.o(i.I2C_ReadRegister), (16 bytes).
    Removing stm32f4xx_i2c.o(i.I2C_ReceiveData), (6 bytes).
    Removing stm32f4xx_i2c.o(i.I2C_SMBusAlertConfig), (26 bytes).
    Removing stm32f4xx_i2c.o(i.I2C_Send7bitAddress), (18 bytes).
    Removing stm32f4xx_i2c.o(i.I2C_SendData), (4 bytes).
    Removing stm32f4xx_i2c.o(i.I2C_SoftwareResetCmd), (24 bytes).
    Removing stm32f4xx_i2c.o(i.I2C_StretchClockCmd), (24 bytes).
    Removing stm32f4xx_i2c.o(i.I2C_StructInit), (28 bytes).
    Removing stm32f4xx_i2c.o(i.I2C_TransmitPEC), (24 bytes).
    Removing stm32f4xx_iwdg.o(.rev16_text), (4 bytes).
    Removing stm32f4xx_iwdg.o(.revsh_text), (4 bytes).
    Removing stm32f4xx_iwdg.o(i.IWDG_Enable), (16 bytes).
    Removing stm32f4xx_iwdg.o(i.IWDG_GetFlagStatus), (20 bytes).
    Removing stm32f4xx_iwdg.o(i.IWDG_ReloadCounter), (16 bytes).
    Removing stm32f4xx_iwdg.o(i.IWDG_SetPrescaler), (12 bytes).
    Removing stm32f4xx_iwdg.o(i.IWDG_SetReload), (12 bytes).
    Removing stm32f4xx_iwdg.o(i.IWDG_WriteAccessCmd), (12 bytes).
    Removing stm32f4xx_ltdc.o(.rev16_text), (4 bytes).
    Removing stm32f4xx_ltdc.o(.revsh_text), (4 bytes).
    Removing stm32f4xx_ltdc.o(i.LTDC_CLUTCmd), (36 bytes).
    Removing stm32f4xx_ltdc.o(i.LTDC_CLUTInit), (26 bytes).
    Removing stm32f4xx_ltdc.o(i.LTDC_CLUTStructInit), (12 bytes).
    Removing stm32f4xx_ltdc.o(i.LTDC_ClearFlag), (12 bytes).
    Removing stm32f4xx_ltdc.o(i.LTDC_ClearITPendingBit), (12 bytes).
    Removing stm32f4xx_ltdc.o(i.LTDC_Cmd), (32 bytes).
    Removing stm32f4xx_ltdc.o(i.LTDC_ColorKeyingConfig), (64 bytes).
    Removing stm32f4xx_ltdc.o(i.LTDC_ColorKeyingStructInit), (10 bytes).
    Removing stm32f4xx_ltdc.o(i.LTDC_DeInit), (24 bytes).
    Removing stm32f4xx_ltdc.o(i.LTDC_DitherCmd), (32 bytes).
    Removing stm32f4xx_ltdc.o(i.LTDC_GetCDStatus), (20 bytes).
    Removing stm32f4xx_ltdc.o(i.LTDC_GetFlagStatus), (20 bytes).
    Removing stm32f4xx_ltdc.o(i.LTDC_GetITStatus), (36 bytes).
    Removing stm32f4xx_ltdc.o(i.LTDC_GetPosStatus), (36 bytes).
    Removing stm32f4xx_ltdc.o(i.LTDC_GetRGBWidth), (52 bytes).
    Removing stm32f4xx_ltdc.o(i.LTDC_ITConfig), (28 bytes).
    Removing stm32f4xx_ltdc.o(i.LTDC_Init), (168 bytes).
    Removing stm32f4xx_ltdc.o(i.LTDC_LIPConfig), (12 bytes).
    Removing stm32f4xx_ltdc.o(i.LTDC_LayerAddress), (4 bytes).
    Removing stm32f4xx_ltdc.o(i.LTDC_LayerAlpha), (4 bytes).
    Removing stm32f4xx_ltdc.o(i.LTDC_LayerCmd), (24 bytes).
    Removing stm32f4xx_ltdc.o(i.LTDC_LayerInit), (150 bytes).
    Removing stm32f4xx_ltdc.o(i.LTDC_LayerPixelFormat), (98 bytes).
    Removing stm32f4xx_ltdc.o(i.LTDC_LayerPosition), (120 bytes).
    Removing stm32f4xx_ltdc.o(i.LTDC_LayerSize), (88 bytes).
    Removing stm32f4xx_ltdc.o(i.LTDC_LayerStructInit), (44 bytes).
    Removing stm32f4xx_ltdc.o(i.LTDC_PosStructInit), (8 bytes).
    Removing stm32f4xx_ltdc.o(i.LTDC_RGBStructInit), (10 bytes).
    Removing stm32f4xx_ltdc.o(i.LTDC_ReloadConfig), (12 bytes).
    Removing stm32f4xx_ltdc.o(i.LTDC_StructInit), (34 bytes).
    Removing stm32f4xx_pwr.o(.rev16_text), (4 bytes).
    Removing stm32f4xx_pwr.o(.revsh_text), (4 bytes).
    Removing stm32f4xx_pwr.o(i.PWR_BackupAccessCmd), (12 bytes).
    Removing stm32f4xx_pwr.o(i.PWR_BackupRegulatorCmd), (12 bytes).
    Removing stm32f4xx_pwr.o(i.PWR_ClearFlag), (16 bytes).
    Removing stm32f4xx_pwr.o(i.PWR_DeInit), (24 bytes).
    Removing stm32f4xx_pwr.o(i.PWR_EnterSTANDBYMode), (32 bytes).
    Removing stm32f4xx_pwr.o(i.PWR_EnterSTOPMode), (56 bytes).
    Removing stm32f4xx_pwr.o(i.PWR_EnterUnderDriveSTOPMode), (56 bytes).
    Removing stm32f4xx_pwr.o(i.PWR_FlashPowerDownCmd), (12 bytes).
    Removing stm32f4xx_pwr.o(i.PWR_GetFlagStatus), (20 bytes).
    Removing stm32f4xx_pwr.o(i.PWR_LowRegulatorLowVoltageCmd), (24 bytes).
    Removing stm32f4xx_pwr.o(i.PWR_MainRegulatorLowVoltageCmd), (24 bytes).
    Removing stm32f4xx_pwr.o(i.PWR_MainRegulatorModeConfig), (20 bytes).
    Removing stm32f4xx_pwr.o(i.PWR_OverDriveCmd), (12 bytes).
    Removing stm32f4xx_pwr.o(i.PWR_OverDriveSWCmd), (12 bytes).
    Removing stm32f4xx_pwr.o(i.PWR_PVDCmd), (12 bytes).
    Removing stm32f4xx_pwr.o(i.PWR_PVDLevelConfig), (20 bytes).
    Removing stm32f4xx_pwr.o(i.PWR_UnderDriveCmd), (32 bytes).
    Removing stm32f4xx_pwr.o(i.PWR_WakeUpPinCmd), (12 bytes).
    Removing stm32f4xx_rcc.o(.rev16_text), (4 bytes).
    Removing stm32f4xx_rcc.o(.revsh_text), (4 bytes).
    Removing stm32f4xx_rcc.o(i.RCC_AHB1PeriphClockLPModeCmd), (28 bytes).
    Removing stm32f4xx_rcc.o(i.RCC_AHB1PeriphResetCmd), (28 bytes).
    Removing stm32f4xx_rcc.o(i.RCC_AHB2PeriphClockCmd), (28 bytes).
    Removing stm32f4xx_rcc.o(i.RCC_AHB2PeriphClockLPModeCmd), (28 bytes).
    Removing stm32f4xx_rcc.o(i.RCC_AHB2PeriphResetCmd), (28 bytes).
    Removing stm32f4xx_rcc.o(i.RCC_AHB3PeriphClockLPModeCmd), (28 bytes).
    Removing stm32f4xx_rcc.o(i.RCC_AHB3PeriphResetCmd), (28 bytes).
    Removing stm32f4xx_rcc.o(i.RCC_APB1PeriphClockLPModeCmd), (28 bytes).
    Removing stm32f4xx_rcc.o(i.RCC_APB1PeriphResetCmd), (28 bytes).
    Removing stm32f4xx_rcc.o(i.RCC_APB2PeriphClockLPModeCmd), (28 bytes).
    Removing stm32f4xx_rcc.o(i.RCC_APB2PeriphResetCmd), (28 bytes).
    Removing stm32f4xx_rcc.o(i.RCC_AdjustHSICalibrationValue), (20 bytes).
    Removing stm32f4xx_rcc.o(i.RCC_BackupResetCmd), (12 bytes).
    Removing stm32f4xx_rcc.o(i.RCC_ClearFlag), (16 bytes).
    Removing stm32f4xx_rcc.o(i.RCC_ClearITPendingBit), (12 bytes).
    Removing stm32f4xx_rcc.o(i.RCC_ClockSecuritySystemCmd), (12 bytes).
    Removing stm32f4xx_rcc.o(i.RCC_GetITStatus), (20 bytes).
    Removing stm32f4xx_rcc.o(i.RCC_HSICmd), (12 bytes).
    Removing stm32f4xx_rcc.o(i.RCC_I2SCLKConfig), (12 bytes).
    Removing stm32f4xx_rcc.o(i.RCC_ITConfig), (28 bytes).
    Removing stm32f4xx_rcc.o(i.RCC_LSEConfig), (32 bytes).
    Removing stm32f4xx_rcc.o(i.RCC_LSEModeConfig), (32 bytes).
    Removing stm32f4xx_rcc.o(i.RCC_LSICmd), (12 bytes).
    Removing stm32f4xx_rcc.o(i.RCC_LTDCCLKDivConfig), (20 bytes).
    Removing stm32f4xx_rcc.o(i.RCC_MCO1Config), (20 bytes).
    Removing stm32f4xx_rcc.o(i.RCC_MCO2Config), (20 bytes).
    Removing stm32f4xx_rcc.o(i.RCC_PLLI2SCmd), (12 bytes).
    Removing stm32f4xx_rcc.o(i.RCC_PLLI2SConfig), (16 bytes).
    Removing stm32f4xx_rcc.o(i.RCC_PLLSAICmd), (12 bytes).
    Removing stm32f4xx_rcc.o(i.RCC_PLLSAIConfig), (20 bytes).
    Removing stm32f4xx_rcc.o(i.RCC_RTCCLKCmd), (12 bytes).
    Removing stm32f4xx_rcc.o(i.RCC_RTCCLKConfig), (48 bytes).
    Removing stm32f4xx_rcc.o(i.RCC_SAIBlockACLKConfig), (20 bytes).
    Removing stm32f4xx_rcc.o(i.RCC_SAIBlockBCLKConfig), (20 bytes).
    Removing stm32f4xx_rcc.o(i.RCC_SAIPLLI2SClkDivConfig), (20 bytes).
    Removing stm32f4xx_rcc.o(i.RCC_SAIPLLSAIClkDivConfig), (24 bytes).
    Removing stm32f4xx_rcc.o(i.RCC_TIMCLKPresConfig), (12 bytes).
    Removing stm32f4xx_rng.o(.rev16_text), (4 bytes).
    Removing stm32f4xx_rng.o(.revsh_text), (4 bytes).
    Removing stm32f4xx_rng.o(i.RNG_ClearFlag), (16 bytes).
    Removing stm32f4xx_rng.o(i.RNG_ClearITPendingBit), (16 bytes).
    Removing stm32f4xx_rng.o(i.RNG_Cmd), (32 bytes).
    Removing stm32f4xx_rng.o(i.RNG_DeInit), (22 bytes).
    Removing stm32f4xx_rng.o(i.RNG_GetFlagStatus), (20 bytes).
    Removing stm32f4xx_rng.o(i.RNG_GetITStatus), (20 bytes).
    Removing stm32f4xx_rng.o(i.RNG_GetRandomNumber), (12 bytes).
    Removing stm32f4xx_rng.o(i.RNG_ITConfig), (32 bytes).
    Removing stm32f4xx_rtc.o(.rev16_text), (4 bytes).
    Removing stm32f4xx_rtc.o(.revsh_text), (4 bytes).
    Removing stm32f4xx_rtc.o(i.RTC_AlarmCmd), (92 bytes).
    Removing stm32f4xx_rtc.o(i.RTC_AlarmStructInit), (20 bytes).
    Removing stm32f4xx_rtc.o(i.RTC_AlarmSubSecondConfig), (44 bytes).
    Removing stm32f4xx_rtc.o(i.RTC_Bcd2ToByte), (18 bytes).
    Removing stm32f4xx_rtc.o(i.RTC_BypassShadowCmd), (48 bytes).
    Removing stm32f4xx_rtc.o(i.RTC_ByteToBcd2), (24 bytes).
    Removing stm32f4xx_rtc.o(i.RTC_CalibOutputCmd), (48 bytes).
    Removing stm32f4xx_rtc.o(i.RTC_CalibOutputConfig), (40 bytes).
    Removing stm32f4xx_rtc.o(i.RTC_ClearFlag), (28 bytes).
    Removing stm32f4xx_rtc.o(i.RTC_ClearITPendingBit), (28 bytes).
    Removing stm32f4xx_rtc.o(i.RTC_CoarseCalibCmd), (64 bytes).
    Removing stm32f4xx_rtc.o(i.RTC_CoarseCalibConfig), (52 bytes).
    Removing stm32f4xx_rtc.o(i.RTC_DateStructInit), (14 bytes).
    Removing stm32f4xx_rtc.o(i.RTC_DayLightSavingConfig), (44 bytes).
    Removing stm32f4xx_rtc.o(i.RTC_DeInit), (184 bytes).
    Removing stm32f4xx_rtc.o(i.RTC_EnterInitMode), (68 bytes).
    Removing stm32f4xx_rtc.o(i.RTC_ExitInitMode), (16 bytes).
    Removing stm32f4xx_rtc.o(i.RTC_GetAlarm), (108 bytes).
    Removing stm32f4xx_rtc.o(i.RTC_GetAlarmSubSecond), (32 bytes).
    Removing stm32f4xx_rtc.o(i.RTC_GetDate), (72 bytes).
    Removing stm32f4xx_rtc.o(i.RTC_GetFlagStatus), (28 bytes).
    Removing stm32f4xx_rtc.o(i.RTC_GetITStatus), (56 bytes).
    Removing stm32f4xx_rtc.o(i.RTC_GetStoreOperation), (16 bytes).
    Removing stm32f4xx_rtc.o(i.RTC_GetSubSecond), (16 bytes).
    Removing stm32f4xx_rtc.o(i.RTC_GetTime), (76 bytes).
    Removing stm32f4xx_rtc.o(i.RTC_GetTimeStamp), (136 bytes).
    Removing stm32f4xx_rtc.o(i.RTC_GetTimeStampSubSecond), (12 bytes).
    Removing stm32f4xx_rtc.o(i.RTC_GetWakeUpCounter), (12 bytes).
    Removing stm32f4xx_rtc.o(i.RTC_ITConfig), (68 bytes).
    Removing stm32f4xx_rtc.o(i.RTC_Init), (80 bytes).
    Removing stm32f4xx_rtc.o(i.RTC_OutputConfig), (44 bytes).
    Removing stm32f4xx_rtc.o(i.RTC_OutputTypeConfig), (24 bytes).
    Removing stm32f4xx_rtc.o(i.RTC_ReadBackupRegister), (20 bytes).
    Removing stm32f4xx_rtc.o(i.RTC_RefClockCmd), (64 bytes).
    Removing stm32f4xx_rtc.o(i.RTC_SetAlarm), (188 bytes).
    Removing stm32f4xx_rtc.o(i.RTC_SetDate), (164 bytes).
    Removing stm32f4xx_rtc.o(i.RTC_SetTime), (168 bytes).
    Removing stm32f4xx_rtc.o(i.RTC_SetWakeUpCounter), (28 bytes).
    Removing stm32f4xx_rtc.o(i.RTC_SmoothCalibConfig), (76 bytes).
    Removing stm32f4xx_rtc.o(i.RTC_StructInit), (14 bytes).
    Removing stm32f4xx_rtc.o(i.RTC_SynchroShiftConfig), (96 bytes).
    Removing stm32f4xx_rtc.o(i.RTC_TamperCmd), (28 bytes).
    Removing stm32f4xx_rtc.o(i.RTC_TamperFilterConfig), (24 bytes).
    Removing stm32f4xx_rtc.o(i.RTC_TamperPinSelection), (24 bytes).
    Removing stm32f4xx_rtc.o(i.RTC_TamperPinsPrechargeDuration), (24 bytes).
    Removing stm32f4xx_rtc.o(i.RTC_TamperPullUpCmd), (32 bytes).
    Removing stm32f4xx_rtc.o(i.RTC_TamperSamplingFreqConfig), (24 bytes).
    Removing stm32f4xx_rtc.o(i.RTC_TamperTriggerConfig), (32 bytes).
    Removing stm32f4xx_rtc.o(i.RTC_TimeStampCmd), (52 bytes).
    Removing stm32f4xx_rtc.o(i.RTC_TimeStampOnTamperDetectionCmd), (32 bytes).
    Removing stm32f4xx_rtc.o(i.RTC_TimeStampPinSelection), (24 bytes).
    Removing stm32f4xx_rtc.o(i.RTC_TimeStructInit), (12 bytes).
    Removing stm32f4xx_rtc.o(i.RTC_WaitForSynchro), (76 bytes).
    Removing stm32f4xx_rtc.o(i.RTC_WakeUpClockConfig), (40 bytes).
    Removing stm32f4xx_rtc.o(i.RTC_WakeUpCmd), (96 bytes).
    Removing stm32f4xx_rtc.o(i.RTC_WriteBackupRegister), (20 bytes).
    Removing stm32f4xx_rtc.o(i.RTC_WriteProtectionCmd), (28 bytes).
    Removing stm32f4xx_sai.o(.rev16_text), (4 bytes).
    Removing stm32f4xx_sai.o(.revsh_text), (4 bytes).
    Removing stm32f4xx_sai.o(i.SAI_ClearFlag), (8 bytes).
    Removing stm32f4xx_sai.o(i.SAI_ClearITPendingBit), (8 bytes).
    Removing stm32f4xx_sai.o(i.SAI_Cmd), (24 bytes).
    Removing stm32f4xx_sai.o(i.SAI_CompandingModeConfig), (16 bytes).
    Removing stm32f4xx_sai.o(i.SAI_DMACmd), (24 bytes).
    Removing stm32f4xx_sai.o(i.SAI_DeInit), (24 bytes).
    Removing stm32f4xx_sai.o(i.SAI_FlushFIFO), (10 bytes).
    Removing stm32f4xx_sai.o(i.SAI_FrameInit), (44 bytes).
    Removing stm32f4xx_sai.o(i.SAI_FrameStructInit), (18 bytes).
    Removing stm32f4xx_sai.o(i.SAI_GetCmdStatus), (14 bytes).
    Removing stm32f4xx_sai.o(i.SAI_GetFIFOStatus), (8 bytes).
    Removing stm32f4xx_sai.o(i.SAI_GetFlagStatus), (14 bytes).
    Removing stm32f4xx_sai.o(i.SAI_GetITStatus), (22 bytes).
    Removing stm32f4xx_sai.o(i.SAI_ITConfig), (20 bytes).
    Removing stm32f4xx_sai.o(i.SAI_Init), (68 bytes).
    Removing stm32f4xx_sai.o(i.SAI_MonoModeConfig), (18 bytes).
    Removing stm32f4xx_sai.o(i.SAI_MuteFrameCounterConfig), (18 bytes).
    Removing stm32f4xx_sai.o(i.SAI_MuteModeCmd), (24 bytes).
    Removing stm32f4xx_sai.o(i.SAI_MuteValueConfig), (16 bytes).
    Removing stm32f4xx_sai.o(i.SAI_ReceiveData), (4 bytes).
    Removing stm32f4xx_sai.o(i.SAI_SendData), (4 bytes).
    Removing stm32f4xx_sai.o(i.SAI_SlotInit), (34 bytes).
    Removing stm32f4xx_sai.o(i.SAI_SlotStructInit), (14 bytes).
    Removing stm32f4xx_sai.o(i.SAI_StructInit), (26 bytes).
    Removing stm32f4xx_sai.o(i.SAI_TRIStateConfig), (18 bytes).
    Removing stm32f4xx_sdio.o(.rev16_text), (4 bytes).
    Removing stm32f4xx_sdio.o(.revsh_text), (4 bytes).
    Removing stm32f4xx_sdio.o(i.SDIO_CEATAITCmd), (16 bytes).
    Removing stm32f4xx_sdio.o(i.SDIO_ClearFlag), (12 bytes).
    Removing stm32f4xx_sdio.o(i.SDIO_ClearITPendingBit), (12 bytes).
    Removing stm32f4xx_sdio.o(i.SDIO_ClockCmd), (12 bytes).
    Removing stm32f4xx_sdio.o(i.SDIO_CmdStructInit), (14 bytes).
    Removing stm32f4xx_sdio.o(i.SDIO_CommandCompletionCmd), (12 bytes).
    Removing stm32f4xx_sdio.o(i.SDIO_DMACmd), (12 bytes).
    Removing stm32f4xx_sdio.o(i.SDIO_DataConfig), (48 bytes).
    Removing stm32f4xx_sdio.o(i.SDIO_DataStructInit), (20 bytes).
    Removing stm32f4xx_sdio.o(i.SDIO_DeInit), (24 bytes).
    Removing stm32f4xx_sdio.o(i.SDIO_GetCommandResponse), (12 bytes).
    Removing stm32f4xx_sdio.o(i.SDIO_GetDataCounter), (12 bytes).
    Removing stm32f4xx_sdio.o(i.SDIO_GetFIFOCount), (12 bytes).
    Removing stm32f4xx_sdio.o(i.SDIO_GetFlagStatus), (20 bytes).
    Removing stm32f4xx_sdio.o(i.SDIO_GetITStatus), (20 bytes).
    Removing stm32f4xx_sdio.o(i.SDIO_GetPowerState), (16 bytes).
    Removing stm32f4xx_sdio.o(i.SDIO_GetResponse), (20 bytes).
    Removing stm32f4xx_sdio.o(i.SDIO_ITConfig), (28 bytes).
    Removing stm32f4xx_sdio.o(i.SDIO_Init), (44 bytes).
    Removing stm32f4xx_sdio.o(i.SDIO_ReadData), (12 bytes).
    Removing stm32f4xx_sdio.o(i.SDIO_SendCEATACmd), (12 bytes).
    Removing stm32f4xx_sdio.o(i.SDIO_SendCommand), (40 bytes).
    Removing stm32f4xx_sdio.o(i.SDIO_SendSDIOSuspendCmd), (12 bytes).
    Removing stm32f4xx_sdio.o(i.SDIO_SetPowerState), (12 bytes).
    Removing stm32f4xx_sdio.o(i.SDIO_SetSDIOOperation), (12 bytes).
    Removing stm32f4xx_sdio.o(i.SDIO_SetSDIOReadWaitMode), (12 bytes).
    Removing stm32f4xx_sdio.o(i.SDIO_StartSDIOReadWait), (12 bytes).
    Removing stm32f4xx_sdio.o(i.SDIO_StopSDIOReadWait), (12 bytes).
    Removing stm32f4xx_sdio.o(i.SDIO_StructInit), (16 bytes).
    Removing stm32f4xx_sdio.o(i.SDIO_WriteData), (12 bytes).
    Removing stm32f4xx_spi.o(.rev16_text), (4 bytes).
    Removing stm32f4xx_spi.o(.revsh_text), (4 bytes).
    Removing stm32f4xx_spi.o(i.I2S_Cmd), (24 bytes).
    Removing stm32f4xx_spi.o(i.I2S_FullDuplexConfig), (58 bytes).
    Removing stm32f4xx_spi.o(i.I2S_Init), (240 bytes).
    Removing stm32f4xx_spi.o(i.I2S_StructInit), (18 bytes).
    Removing stm32f4xx_spi.o(i.SPI_BiDirectionalLineConfig), (26 bytes).
    Removing stm32f4xx_spi.o(i.SPI_CalculateCRC), (24 bytes).
    Removing stm32f4xx_spi.o(i.SPI_Cmd), (24 bytes).
    Removing stm32f4xx_spi.o(i.SPI_DataSizeConfig), (16 bytes).
    Removing stm32f4xx_spi.o(i.SPI_GetCRC), (12 bytes).
    Removing stm32f4xx_spi.o(i.SPI_GetCRCPolynomial), (4 bytes).
    Removing stm32f4xx_spi.o(i.SPI_I2S_ClearFlag), (6 bytes).
    Removing stm32f4xx_spi.o(i.SPI_I2S_ClearITPendingBit), (14 bytes).
    Removing stm32f4xx_spi.o(i.SPI_I2S_DMACmd), (20 bytes).
    Removing stm32f4xx_spi.o(i.SPI_I2S_DeInit), (196 bytes).
    Removing stm32f4xx_spi.o(i.SPI_I2S_GetFlagStatus), (14 bytes).
    Removing stm32f4xx_spi.o(i.SPI_I2S_GetITStatus), (44 bytes).
    Removing stm32f4xx_spi.o(i.SPI_I2S_ITConfig), (28 bytes).
    Removing stm32f4xx_spi.o(i.SPI_I2S_ReceiveData), (4 bytes).
    Removing stm32f4xx_spi.o(i.SPI_I2S_SendData), (4 bytes).
    Removing stm32f4xx_spi.o(i.SPI_Init), (56 bytes).
    Removing stm32f4xx_spi.o(i.SPI_NSSInternalSoftwareConfig), (28 bytes).
    Removing stm32f4xx_spi.o(i.SPI_ReceiveData8), (4 bytes).
    Removing stm32f4xx_spi.o(i.SPI_SSOutputCmd), (24 bytes).
    Removing stm32f4xx_spi.o(i.SPI_SendData8), (4 bytes).
    Removing stm32f4xx_spi.o(i.SPI_StructInit), (24 bytes).
    Removing stm32f4xx_spi.o(i.SPI_TIModeCmd), (24 bytes).
    Removing stm32f4xx_spi.o(i.SPI_TransmitCRC), (10 bytes).
    Removing stm32f4xx_syscfg.o(.rev16_text), (4 bytes).
    Removing stm32f4xx_syscfg.o(.revsh_text), (4 bytes).
    Removing stm32f4xx_syscfg.o(i.SYSCFG_CompensationCellCmd), (12 bytes).
    Removing stm32f4xx_syscfg.o(i.SYSCFG_DeInit), (24 bytes).
    Removing stm32f4xx_syscfg.o(i.SYSCFG_ETH_MediaInterfaceConfig), (12 bytes).
    Removing stm32f4xx_syscfg.o(i.SYSCFG_EXTILineConfig), (44 bytes).
    Removing stm32f4xx_syscfg.o(i.SYSCFG_GetCompensationCellStatus), (20 bytes).
    Removing stm32f4xx_syscfg.o(i.SYSCFG_MemoryRemapConfig), (12 bytes).
    Removing stm32f4xx_syscfg.o(i.SYSCFG_MemorySwappingBank), (12 bytes).
    Removing stm32f4xx_tim.o(.rev16_text), (4 bytes).
    Removing stm32f4xx_tim.o(.revsh_text), (4 bytes).
    Removing stm32f4xx_tim.o(i.TI1_Config), (46 bytes).
    Removing stm32f4xx_tim.o(i.TI2_Config), (54 bytes).
    Removing stm32f4xx_tim.o(i.TI3_Config), (50 bytes).
    Removing stm32f4xx_tim.o(i.TI4_Config), (54 bytes).
    Removing stm32f4xx_tim.o(i.TIM_BDTRConfig), (34 bytes).
    Removing stm32f4xx_tim.o(i.TIM_BDTRStructInit), (18 bytes).
    Removing stm32f4xx_tim.o(i.TIM_CCPreloadControl), (24 bytes).
    Removing stm32f4xx_tim.o(i.TIM_CCxCmd), (22 bytes).
    Removing stm32f4xx_tim.o(i.TIM_CCxNCmd), (22 bytes).
    Removing stm32f4xx_tim.o(i.TIM_ClearFlag), (6 bytes).
    Removing stm32f4xx_tim.o(i.TIM_ClearOC1Ref), (12 bytes).
    Removing stm32f4xx_tim.o(i.TIM_ClearOC2Ref), (20 bytes).
    Removing stm32f4xx_tim.o(i.TIM_ClearOC3Ref), (12 bytes).
    Removing stm32f4xx_tim.o(i.TIM_ClearOC4Ref), (20 bytes).
    Removing stm32f4xx_tim.o(i.TIM_CounterModeConfig), (12 bytes).
    Removing stm32f4xx_tim.o(i.TIM_DMACmd), (20 bytes).
    Removing stm32f4xx_tim.o(i.TIM_DMAConfig), (8 bytes).
    Removing stm32f4xx_tim.o(i.TIM_DeInit), (428 bytes).
    Removing stm32f4xx_tim.o(i.TIM_ETRClockMode1Config), (32 bytes).
    Removing stm32f4xx_tim.o(i.TIM_ETRClockMode2Config), (20 bytes).
    Removing stm32f4xx_tim.o(i.TIM_ETRConfig), (24 bytes).
    Removing stm32f4xx_tim.o(i.TIM_EncoderInterfaceConfig), (50 bytes).
    Removing stm32f4xx_tim.o(i.TIM_ForcedOC1Config), (12 bytes).
    Removing stm32f4xx_tim.o(i.TIM_ForcedOC2Config), (20 bytes).
    Removing stm32f4xx_tim.o(i.TIM_ForcedOC3Config), (12 bytes).
    Removing stm32f4xx_tim.o(i.TIM_ForcedOC4Config), (20 bytes).
    Removing stm32f4xx_tim.o(i.TIM_GenerateEvent), (4 bytes).
    Removing stm32f4xx_tim.o(i.TIM_GetCapture1), (4 bytes).
    Removing stm32f4xx_tim.o(i.TIM_GetCapture2), (4 bytes).
    Removing stm32f4xx_tim.o(i.TIM_GetCapture3), (4 bytes).
    Removing stm32f4xx_tim.o(i.TIM_GetCapture4), (4 bytes).
    Removing stm32f4xx_tim.o(i.TIM_GetCounter), (4 bytes).
    Removing stm32f4xx_tim.o(i.TIM_GetFlagStatus), (14 bytes).
    Removing stm32f4xx_tim.o(i.TIM_GetPrescaler), (4 bytes).
    Removing stm32f4xx_tim.o(i.TIM_ICInit), (98 bytes).
    Removing stm32f4xx_tim.o(i.TIM_ICStructInit), (16 bytes).
    Removing stm32f4xx_tim.o(i.TIM_ITRxExternalClockConfig), (20 bytes).
    Removing stm32f4xx_tim.o(i.TIM_InternalClockConfig), (10 bytes).
    Removing stm32f4xx_tim.o(i.TIM_OC1FastConfig), (12 bytes).
    Removing stm32f4xx_tim.o(i.TIM_OC1NPolarityConfig), (12 bytes).
    Removing stm32f4xx_tim.o(i.TIM_OC1PolarityConfig), (12 bytes).
    Removing stm32f4xx_tim.o(i.TIM_OC2FastConfig), (20 bytes).
    Removing stm32f4xx_tim.o(i.TIM_OC2NPolarityConfig), (20 bytes).
    Removing stm32f4xx_tim.o(i.TIM_OC2PolarityConfig), (20 bytes).
    Removing stm32f4xx_tim.o(i.TIM_OC3FastConfig), (12 bytes).
    Removing stm32f4xx_tim.o(i.TIM_OC3Init), (132 bytes).
    Removing stm32f4xx_tim.o(i.TIM_OC3NPolarityConfig), (20 bytes).
    Removing stm32f4xx_tim.o(i.TIM_OC3PolarityConfig), (20 bytes).
    Removing stm32f4xx_tim.o(i.TIM_OC3PreloadConfig), (12 bytes).
    Removing stm32f4xx_tim.o(i.TIM_OC4FastConfig), (20 bytes).
    Removing stm32f4xx_tim.o(i.TIM_OC4Init), (100 bytes).
    Removing stm32f4xx_tim.o(i.TIM_OC4PolarityConfig), (20 bytes).
    Removing stm32f4xx_tim.o(i.TIM_OC4PreloadConfig), (20 bytes).
    Removing stm32f4xx_tim.o(i.TIM_OCStructInit), (20 bytes).
    Removing stm32f4xx_tim.o(i.TIM_PWMIConfig), (110 bytes).
    Removing stm32f4xx_tim.o(i.TIM_PrescalerConfig), (6 bytes).
    Removing stm32f4xx_tim.o(i.TIM_RemapConfig), (6 bytes).
    Removing stm32f4xx_tim.o(i.TIM_SelectCCDMA), (24 bytes).
    Removing stm32f4xx_tim.o(i.TIM_SelectCOM), (24 bytes).
    Removing stm32f4xx_tim.o(i.TIM_SelectHallSensor), (24 bytes).
    Removing stm32f4xx_tim.o(i.TIM_SelectInputTrigger), (12 bytes).
    Removing stm32f4xx_tim.o(i.TIM_SelectMasterSlaveMode), (16 bytes).
    Removing stm32f4xx_tim.o(i.TIM_SelectOCxM), (80 bytes).
    Removing stm32f4xx_tim.o(i.TIM_SelectOnePulseMode), (16 bytes).
    Removing stm32f4xx_tim.o(i.TIM_SelectOutputTrigger), (16 bytes).
    Removing stm32f4xx_tim.o(i.TIM_SelectSlaveMode), (16 bytes).
    Removing stm32f4xx_tim.o(i.TIM_SetClockDivision), (16 bytes).
    Removing stm32f4xx_tim.o(i.TIM_SetCompare3), (4 bytes).
    Removing stm32f4xx_tim.o(i.TIM_SetCompare4), (4 bytes).
    Removing stm32f4xx_tim.o(i.TIM_SetCounter), (4 bytes).
    Removing stm32f4xx_tim.o(i.TIM_SetIC1Prescaler), (16 bytes).
    Removing stm32f4xx_tim.o(i.TIM_SetIC2Prescaler), (24 bytes).
    Removing stm32f4xx_tim.o(i.TIM_SetIC3Prescaler), (16 bytes).
    Removing stm32f4xx_tim.o(i.TIM_SetIC4Prescaler), (24 bytes).
    Removing stm32f4xx_tim.o(i.TIM_TIxExternalClockConfig), (48 bytes).
    Removing stm32f4xx_tim.o(i.TIM_TimeBaseStructInit), (18 bytes).
    Removing stm32f4xx_tim.o(i.TIM_UpdateDisableConfig), (24 bytes).
    Removing stm32f4xx_tim.o(i.TIM_UpdateRequestConfig), (24 bytes).
    Removing stm32f4xx_usart.o(.rev16_text), (4 bytes).
    Removing stm32f4xx_usart.o(.revsh_text), (4 bytes).
    Removing stm32f4xx_usart.o(i.USART_ClockInit), (28 bytes).
    Removing stm32f4xx_usart.o(i.USART_ClockStructInit), (12 bytes).
    Removing stm32f4xx_usart.o(i.USART_DMACmd), (20 bytes).
    Removing stm32f4xx_usart.o(i.USART_DeInit), (256 bytes).
    Removing stm32f4xx_usart.o(i.USART_HalfDuplexCmd), (24 bytes).
    Removing stm32f4xx_usart.o(i.USART_IrDACmd), (24 bytes).
    Removing stm32f4xx_usart.o(i.USART_IrDAConfig), (16 bytes).
    Removing stm32f4xx_usart.o(i.USART_LINBreakDetectLengthConfig), (16 bytes).
    Removing stm32f4xx_usart.o(i.USART_LINCmd), (24 bytes).
    Removing stm32f4xx_usart.o(i.USART_OneBitMethodCmd), (24 bytes).
    Removing stm32f4xx_usart.o(i.USART_OverSampling8Cmd), (24 bytes).
    Removing stm32f4xx_usart.o(i.USART_ReceiverWakeUpCmd), (24 bytes).
    Removing stm32f4xx_usart.o(i.USART_SendBreak), (10 bytes).
    Removing stm32f4xx_usart.o(i.USART_SetAddress), (16 bytes).
    Removing stm32f4xx_usart.o(i.USART_SetGuardTime), (16 bytes).
    Removing stm32f4xx_usart.o(i.USART_SetPrescaler), (16 bytes).
    Removing stm32f4xx_usart.o(i.USART_SmartCardCmd), (24 bytes).
    Removing stm32f4xx_usart.o(i.USART_SmartCardNACKCmd), (24 bytes).
    Removing stm32f4xx_usart.o(i.USART_StructInit), (22 bytes).
    Removing stm32f4xx_usart.o(i.USART_WakeUpConfig), (16 bytes).
    Removing stm32f4xx_wwdg.o(.rev16_text), (4 bytes).
    Removing stm32f4xx_wwdg.o(.revsh_text), (4 bytes).
    Removing stm32f4xx_wwdg.o(i.WWDG_ClearFlag), (12 bytes).
    Removing stm32f4xx_wwdg.o(i.WWDG_DeInit), (24 bytes).
    Removing stm32f4xx_wwdg.o(i.WWDG_Enable), (16 bytes).
    Removing stm32f4xx_wwdg.o(i.WWDG_EnableIT), (12 bytes).
    Removing stm32f4xx_wwdg.o(i.WWDG_GetFlagStatus), (20 bytes).
    Removing stm32f4xx_wwdg.o(i.WWDG_SetCounter), (16 bytes).
    Removing stm32f4xx_wwdg.o(i.WWDG_SetPrescaler), (20 bytes).
    Removing stm32f4xx_wwdg.o(i.WWDG_SetWindowValue), (32 bytes).
    Removing main.o(.rev16_text), (4 bytes).
    Removing main.o(.revsh_text), (4 bytes).
    Removing main.o(.bss), (132 bytes).
    Removing main.o(.bss), (1452 bytes).
    Removing main.o(.data), (4 bytes).
    Removing main.o(.data), (4 bytes).
    Removing main.o(.data), (4 bytes).
    Removing stm32f4xx_it.o(.rev16_text), (4 bytes).
    Removing stm32f4xx_it.o(.revsh_text), (4 bytes).
    Removing adc.o(.rev16_text), (4 bytes).
    Removing adc.o(.revsh_text), (4 bytes).
    Removing at24c01.o(.rev16_text), (4 bytes).
    Removing at24c01.o(.revsh_text), (4 bytes).
    Removing at24c01.o(i.ReadBytes), (132 bytes).
    Removing at24c01.o(i.WriteBytes), (160 bytes).
    Removing at24c01.o(i.ee_CheckOk), (22 bytes).
    Removing at24c01.o(i.ee_Erase), (38 bytes).
    Removing beep.o(.rev16_text), (4 bytes).
    Removing beep.o(.revsh_text), (4 bytes).
    Removing beep.o(.data), (1 bytes).
    Removing beep.o(.data), (2 bytes).
    Removing beep.o(.data), (2 bytes).
    Removing beep.o(.data), (2 bytes).
    Removing beep.o(.data), (2 bytes).
    Removing beep.o(.data), (2 bytes).
    Removing beep.o(.data), (2 bytes).
    Removing beep.o(.data), (2 bytes).
    Removing beep.o(.data), (2 bytes).
    Removing beep.o(.data), (2 bytes).
    Removing bsp_systick.o(.rev16_text), (4 bytes).
    Removing bsp_systick.o(.revsh_text), (4 bytes).
    Removing bsp_systick.o(i.Delay_us), (32 bytes).
    Removing flash.o(.rev16_text), (4 bytes).
    Removing flash.o(.revsh_text), (4 bytes).
    Removing flash.o(i.Wrtite_Beep), (36 bytes).
    Removing gpio.o(.rev16_text), (4 bytes).
    Removing gpio.o(.revsh_text), (4 bytes).
    Removing iic_24c01.o(.rev16_text), (4 bytes).
    Removing iic_24c01.o(.revsh_text), (4 bytes).
    Removing iic_24c01.o(i.i2c_Ack), (56 bytes).
    Removing iic_24c01.o(i.i2c_CheckDevice), (36 bytes).
    Removing iwdg.o(.rev16_text), (4 bytes).
    Removing iwdg.o(.revsh_text), (4 bytes).
    Removing iwdg.o(i.IWDG_Inte), (34 bytes).
    Removing key.o(.rev16_text), (4 bytes).
    Removing key.o(.revsh_text), (4 bytes).
    Removing key.o(.data), (1 bytes).
    Removing key.o(.data), (1 bytes).
    Removing key.o(.data), (1 bytes).
    Removing key.o(.data), (1 bytes).
    Removing key.o(.data), (4 bytes).
    Removing key.o(.data), (4 bytes).
    Removing key.o(.data), (4 bytes).
    Removing key.o(.data), (1 bytes).
    Removing key.o(.data), (1 bytes).
    Removing key.o(.data), (1 bytes).
    Removing key.o(.data), (2 bytes).
    Removing key.o(.data), (2 bytes).
    Removing key.o(.data), (1 bytes).
    Removing key.o(.data), (1 bytes).
    Removing key.o(.data), (1 bytes).
    Removing key.o(.data), (1 bytes).
    Removing key.o(.data), (1 bytes).
    Removing key.o(.data), (2 bytes).
    Removing key.o(.data), (2 bytes).
    Removing key.o(.data), (2 bytes).
    Removing key.o(.data), (2 bytes).
    Removing key.o(.data), (2 bytes).
    Removing key.o(.data), (2 bytes).
    Removing key.o(.data), (2 bytes).
    Removing key.o(.data), (2 bytes).
    Removing key.o(.data), (4 bytes).
    Removing key.o(.data), (2 bytes).
    Removing key.o(.data), (2 bytes).
    Removing key.o(.data), (2 bytes).
    Removing key.o(.data), (2 bytes).
    Removing key.o(.data), (2 bytes).
    Removing key.o(.data), (2 bytes).
    Removing key.o(.data), (2 bytes).
    Removing key.o(.data), (1 bytes).
    Removing modbus.o(.rev16_text), (4 bytes).
    Removing modbus.o(.revsh_text), (4 bytes).
    Removing modbus.o(.data), (2 bytes).
    Removing ssd1963.o(.rev16_text), (4 bytes).
    Removing ssd1963.o(.revsh_text), (4 bytes).
    Removing ssd1963.o(i.LCD_GetPoint), (42 bytes).
    Removing ssd1963.o(i.LCD_SetPoint), (40 bytes).
    Removing ssd1963.o(i.sLCD_BGR2RGB), (62 bytes).
    Removing ssd1963.o(i.sLCD_Clear), (60 bytes).
    Removing ssd1963.o(i.sLCD_OpenWindow), (82 bytes).
    Removing tim1.o(.rev16_text), (4 bytes).
    Removing tim1.o(.revsh_text), (4 bytes).
    Removing tim2.o(.rev16_text), (4 bytes).
    Removing tim2.o(.revsh_text), (4 bytes).
    Removing tim2.o(.data), (2 bytes).
    Removing tim6.o(.rev16_text), (4 bytes).
    Removing tim6.o(.revsh_text), (4 bytes).
    Removing tim6.o(.data), (4 bytes).
    Removing usart.o(.rev16_text), (4 bytes).
    Removing usart.o(.revsh_text), (4 bytes).
    Removing usart.o(i.UART1_Send), (92 bytes).
    Removing usart.o(i.UART3_Send), (92 bytes).
    Removing usart.o(.data), (2 bytes).
    Removing usart.o(.data), (4 bytes).
    Removing tm1650.o(.rev16_text), (4 bytes).
    Removing tm1650.o(.revsh_text), (4 bytes).
    Removing tm1650.o(i.IIc_Ack), (60 bytes).
    Removing tm1650.o(i.IIc_NAck), (52 bytes).
    Removing clock.o(.rev16_text), (4 bytes).
    Removing clock.o(.revsh_text), (4 bytes).
    Removing dac8531.o(.rev16_text), (4 bytes).
    Removing dac8531.o(.revsh_text), (4 bytes).
    Removing ad7689.o(.rev16_text), (4 bytes).
    Removing ad7689.o(.revsh_text), (4 bytes).
    Removing ad7689.o(i.AD7689_TransferByte), (60 bytes).
    Removing internalflash.o(.rev16_text), (4 bytes).
    Removing internalflash.o(.revsh_text), (4 bytes).
    Removing internalflash.o(i.Flash_EraseSector), (36 bytes).
    Removing internalflash.o(i.Flash_Read32BitDatas), (22 bytes).
    Removing internalflash.o(i.Flash_Read8BitDatas), (22 bytes).
    Removing internalflash.o(i.Flash_Write32BitDatas), (100 bytes).
    Removing internalflash.o(i.Flash_Write8BitDatas), (96 bytes).
    Removing gui_x.o(i.GUI_X_Log), (2 bytes).
    Removing gui_x.o(i.GUI_X_Warn), (2 bytes).
    Removing guidrv_template.o(.rev16_text), (4 bytes).
    Removing guidrv_template.o(.revsh_text), (4 bytes).
    Removing guidrv_template.o(i._DrawBitLine16BPP), (108 bytes).
    Removing guidrv_template.o(i._DrawBitLine1BPP), (208 bytes).
    Removing guidrv_template.o(i._DrawBitLine2BPP), (272 bytes).
    Removing guidrv_template.o(i._DrawBitLine32BPP), (42 bytes).
    Removing guidrv_template.o(i._DrawBitLine4BPP), (272 bytes).
    Removing guidrv_template.o(i._DrawBitLine8BPP), (156 bytes).
    Removing guidrv_template.o(i._DrawBitmap), (276 bytes).
    Removing guidrv_template.o(i._DrawHLine), (76 bytes).
    Removing guidrv_template.o(i._DrawVLine), (124 bytes).
    Removing guidrv_template.o(i._FillRect), (104 bytes).
    Removing guidrv_template.o(i._GetDevData), (16 bytes).
    Removing guidrv_template.o(i._GetDevFunc), (80 bytes).
    Removing guidrv_template.o(i._GetDevProp), (76 bytes).
    Removing guidrv_template.o(i._GetPixelIndex), (10 bytes).
    Removing guidrv_template.o(i._GetRect), (22 bytes).
    Removing guidrv_template.o(i._Init), (26 bytes).
    Removing guidrv_template.o(i._InitOnce), (44 bytes).
    Removing guidrv_template.o(i._Off), (10 bytes).
    Removing guidrv_template.o(i._On), (10 bytes).
    Removing guidrv_template.o(i._SetLUTEntry), (24 bytes).
    Removing guidrv_template.o(i._SetOrg), (18 bytes).
    Removing guidrv_template.o(i._SetPixelIndex), (18 bytes).
    Removing guidrv_template.o(i._SetSize), (54 bytes).
    Removing guidrv_template.o(i._SetVRAMAddr), (38 bytes).
    Removing guidrv_template.o(i._SetVSize), (28 bytes).
    Removing guidrv_template.o(i._XorPixel), (46 bytes).
    Removing guidrv_template.o(.constdata), (52 bytes).
    Removing lcdconf_flexcolor_template.o(.rev16_text), (4 bytes).
    Removing lcdconf_flexcolor_template.o(.revsh_text), (4 bytes).
    Removing maintask.o(.rev16_text), (4 bytes).
    Removing maintask.o(.revsh_text), (4 bytes).
    Removing menu.o(.rev16_text), (4 bytes).
    Removing menu.o(.revsh_text), (4 bytes).
    Removing menu.o(i.test_pow), (244 bytes).
    Removing r_face.o(.rev16_text), (4 bytes).
    Removing r_face.o(.revsh_text), (4 bytes).
    Removing r_face.o(.data), (1 bytes).
    Removing r_face.o(.data), (1 bytes).
    Removing r_face.o(.data), (1 bytes).
    Removing r_face.o(.data), (1 bytes).
    Removing r_face.o(.data), (1 bytes).
    Removing r_face.o(.data), (1 bytes).
    Removing r_face.o(.data), (2 bytes).
    Removing r_face.o(.data), (4 bytes).
    Removing r_face.o(.data), (2 bytes).
    Removing r_face.o(.data), (1 bytes).
    Removing r_face.o(.data), (2 bytes).
    Removing r_face.o(.data), (4 bytes).
    Removing load_face.o(.rev16_text), (4 bytes).
    Removing load_face.o(.revsh_text), (4 bytes).
    Removing load_face.o(i.test_load), (188 bytes).
    Removing c_dc.o(.rev16_text), (4 bytes).
    Removing c_dc.o(.revsh_text), (4 bytes).
    Removing c_dc.o(i.count_num), (20 bytes).
    Removing c_dc.o(.data), (1 bytes).
    Removing c_dc.o(.data), (1 bytes).
    Removing c_dc.o(.data), (2 bytes).
    Removing graph.o(.rev16_text), (4 bytes).
    Removing graph.o(.revsh_text), (4 bytes).
    Removing settings.o(.rev16_text), (4 bytes).
    Removing settings.o(.revsh_text), (4 bytes).
    Removing starter.o(.rev16_text), (4 bytes).
    Removing starter.o(.revsh_text), (4 bytes).
    Removing sysinfo.o(.rev16_text), (4 bytes).
    Removing sysinfo.o(.revsh_text), (4 bytes).
    Removing cal.o(.rev16_text), (4 bytes).
    Removing cal.o(.revsh_text), (4 bytes).
    Removing hz12.o(.constdata), (24 bytes).
    Removing hz12.o(.constdata), (24 bytes).
    Removing hz12.o(.constdata), (24 bytes).
    Removing hz12.o(.constdata), (24 bytes).
    Removing hz12.o(.constdata), (24 bytes).
    Removing hz12.o(.constdata), (24 bytes).
    Removing hz12.o(.constdata), (24 bytes).
    Removing hz12.o(.constdata), (24 bytes).
    Removing hz12.o(.constdata), (24 bytes).
    Removing hz12.o(.constdata), (24 bytes).
    Removing hz12.o(.constdata), (24 bytes).
    Removing hz12.o(.constdata), (22 bytes).
    Removing hz12.o(.constdata), (22 bytes).
    Removing hz12.o(.constdata), (24 bytes).
    Removing hz12.o(.constdata), (24 bytes).
    Removing hz12.o(.constdata), (24 bytes).
    Removing hz12.o(.constdata), (22 bytes).
    Removing hz12.o(.constdata), (24 bytes).
    Removing hz12.o(.constdata), (24 bytes).
    Removing hz12.o(.constdata), (22 bytes).
    Removing hz12.o(.constdata), (24 bytes).
    Removing hz12.o(.constdata), (24 bytes).
    Removing hz12.o(.constdata), (24 bytes).
    Removing hz12.o(.constdata), (24 bytes).
    Removing hz12.o(.constdata), (24 bytes).
    Removing hz12.o(.constdata), (24 bytes).
    Removing hz12.o(.constdata), (24 bytes).
    Removing hz12.o(.constdata), (24 bytes).
    Removing hz12.o(.constdata), (22 bytes).
    Removing hz12.o(.constdata), (24 bytes).
    Removing hz12.o(.constdata), (24 bytes).
    Removing hz12.o(.constdata), (24 bytes).
    Removing hz12.o(.constdata), (24 bytes).
    Removing hz12.o(.constdata), (24 bytes).
    Removing hz12.o(.constdata), (24 bytes).
    Removing hz12.o(.constdata), (24 bytes).
    Removing hz12.o(.constdata), (24 bytes).
    Removing hz12.o(.constdata), (24 bytes).
    Removing hz12.o(.constdata), (24 bytes).
    Removing hz12.o(.constdata), (24 bytes).
    Removing hz12.o(.constdata), (24 bytes).
    Removing hz12.o(.constdata), (24 bytes).
    Removing hz12.o(.constdata), (24 bytes).
    Removing hz12.o(.constdata), (24 bytes).
    Removing hz12.o(.constdata), (24 bytes).
    Removing hz12.o(.constdata), (24 bytes).
    Removing hz12.o(.constdata), (24 bytes).
    Removing hz12.o(.constdata), (24 bytes).
    Removing hz12.o(.constdata), (24 bytes).
    Removing hz12.o(.constdata), (24 bytes).
    Removing hz12.o(.constdata), (24 bytes).
    Removing hz12.o(.constdata), (24 bytes).
    Removing hz12.o(.constdata), (24 bytes).
    Removing hz12.o(.constdata), (24 bytes).
    Removing hz12.o(.constdata), (24 bytes).
    Removing hz12.o(.constdata), (22 bytes).
    Removing hz12.o(.constdata), (672 bytes).
    Removing hz12.o(.constdata), (12 bytes).
    Removing hz12.o(.constdata), (12 bytes).
    Removing hz12.o(.constdata), (12 bytes).
    Removing hz12.o(.constdata), (12 bytes).
    Removing hz12.o(.constdata), (12 bytes).
    Removing hz12.o(.constdata), (12 bytes).
    Removing hz12.o(.constdata), (12 bytes).
    Removing hz12.o(.constdata), (12 bytes).
    Removing hz12.o(.constdata), (12 bytes).
    Removing hz12.o(.constdata), (12 bytes).
    Removing hz12.o(.constdata), (12 bytes).
    Removing hz12.o(.constdata), (12 bytes).
    Removing hz12.o(.constdata), (12 bytes).
    Removing hz12.o(.constdata), (12 bytes).
    Removing hz12.o(.constdata), (12 bytes).
    Removing hz12.o(.constdata), (12 bytes).
    Removing hz12.o(.constdata), (12 bytes).
    Removing hz12.o(.constdata), (12 bytes).
    Removing hz12.o(.constdata), (12 bytes).
    Removing hz12.o(.constdata), (12 bytes).
    Removing hz12.o(.constdata), (12 bytes).
    Removing hz12.o(.constdata), (12 bytes).
    Removing hz12.o(.constdata), (12 bytes).
    Removing hz12.o(.constdata), (12 bytes).
    Removing hz12.o(.constdata), (12 bytes).
    Removing hz12.o(.constdata), (12 bytes).
    Removing hz12.o(.constdata), (12 bytes).
    Removing hz12.o(.constdata), (12 bytes).
    Removing hz12.o(.constdata), (12 bytes).
    Removing hz12.o(.constdata), (12 bytes).
    Removing hz12.o(.constdata), (12 bytes).
    Removing hz12.o(.constdata), (12 bytes).
    Removing hz12.o(.constdata), (12 bytes).
    Removing hz12.o(.constdata), (12 bytes).
    Removing hz12.o(.constdata), (12 bytes).
    Removing hz12.o(.constdata), (12 bytes).
    Removing hz12.o(.constdata), (12 bytes).
    Removing hz12.o(.constdata), (12 bytes).
    Removing hz12.o(.constdata), (12 bytes).
    Removing hz12.o(.constdata), (12 bytes).
    Removing hz12.o(.constdata), (12 bytes).
    Removing hz12.o(.constdata), (12 bytes).
    Removing hz12.o(.constdata), (12 bytes).
    Removing hz12.o(.constdata), (12 bytes).
    Removing hz12.o(.constdata), (12 bytes).
    Removing hz12.o(.constdata), (12 bytes).
    Removing hz12.o(.constdata), (12 bytes).
    Removing hz12.o(.constdata), (12 bytes).
    Removing hz12.o(.constdata), (12 bytes).
    Removing hz12.o(.constdata), (12 bytes).
    Removing hz12.o(.constdata), (12 bytes).
    Removing hz12.o(.constdata), (12 bytes).
    Removing hz12.o(.constdata), (12 bytes).
    Removing hz12.o(.constdata), (12 bytes).
    Removing hz12.o(.constdata), (12 bytes).
    Removing hz12.o(.constdata), (12 bytes).
    Removing hz12.o(.constdata), (36 bytes).
    Removing usb_core.o(.rev16_text), (4 bytes).
    Removing usb_core.o(.revsh_text), (4 bytes).
    Removing usb_core.o(i.USB_OTG_CoreInit), (168 bytes).
    Removing usb_core.o(i.USB_OTG_CoreInitHost), (226 bytes).
    Removing usb_core.o(i.USB_OTG_CoreReset), (92 bytes).
    Removing usb_core.o(i.USB_OTG_DisableGlobalInt), (16 bytes).
    Removing usb_core.o(i.USB_OTG_DriveVbus), (72 bytes).
    Removing usb_core.o(i.USB_OTG_EnableCommonInt), (28 bytes).
    Removing usb_core.o(i.USB_OTG_EnableGlobalInt), (16 bytes).
    Removing usb_core.o(i.USB_OTG_EnableHostInt), (70 bytes).
    Removing usb_core.o(i.USB_OTG_FlushRxFifo), (60 bytes).
    Removing usb_core.o(i.USB_OTG_FlushTxFifo), (68 bytes).
    Removing usb_core.o(i.USB_OTG_GetMode), (10 bytes).
    Removing usb_core.o(i.USB_OTG_HC_DoPing), (42 bytes).
    Removing usb_core.o(i.USB_OTG_HC_Halt), (100 bytes).
    Removing usb_core.o(i.USB_OTG_HC_Init), (316 bytes).
    Removing usb_core.o(i.USB_OTG_HC_StartXfer), (288 bytes).
    Removing usb_core.o(i.USB_OTG_InitFSLSPClkSel), (12 bytes).
    Removing usb_core.o(i.USB_OTG_IsDeviceMode), (18 bytes).
    Removing usb_core.o(i.USB_OTG_IsEvenFrame), (12 bytes).
    Removing usb_core.o(i.USB_OTG_IsHostMode), (14 bytes).
    Removing usb_core.o(i.USB_OTG_ReadCoreItr), (10 bytes).
    Removing usb_core.o(i.USB_OTG_ReadHPRT0), (24 bytes).
    Removing usb_core.o(i.USB_OTG_ReadHostAllChannels_intr), (6 bytes).
    Removing usb_core.o(i.USB_OTG_ReadOtgItr), (6 bytes).
    Removing usb_core.o(i.USB_OTG_ReadPacket), (32 bytes).
    Removing usb_core.o(i.USB_OTG_ResetPort), (44 bytes).
    Removing usb_core.o(i.USB_OTG_SelectCore), (196 bytes).
    Removing usb_core.o(i.USB_OTG_SetCurrentMode), (54 bytes).
    Removing usb_core.o(i.USB_OTG_StopHost), (72 bytes).
    Removing usb_core.o(i.USB_OTG_WritePacket), (40 bytes).
    Removing usb_hcd.o(.rev16_text), (4 bytes).
    Removing usb_hcd.o(.revsh_text), (4 bytes).
    Removing usb_hcd.o(i.HCD_GetCurrentFrame), (8 bytes).
    Removing usb_hcd.o(i.HCD_GetCurrentSpeed), (12 bytes).
    Removing usb_hcd.o(i.HCD_GetHCState), (8 bytes).
    Removing usb_hcd.o(i.HCD_GetURB_State), (8 bytes).
    Removing usb_hcd.o(i.HCD_GetXferCnt), (10 bytes).
    Removing usb_hcd.o(i.HCD_HC_Init), (4 bytes).
    Removing usb_hcd.o(i.HCD_Init), (86 bytes).
    Removing usb_hcd.o(i.HCD_IsDeviceConnected), (6 bytes).
    Removing usb_hcd.o(i.HCD_ResetPort), (10 bytes).
    Removing usb_hcd.o(i.HCD_SubmitRequest), (20 bytes).
    Removing usb_hcd_int.o(.rev16_text), (4 bytes).
    Removing usb_hcd_int.o(.revsh_text), (4 bytes).
    Removing usb_hcd_int.o(i.USBH_OTG_ISR_Handler), (168 bytes).
    Removing usb_hcd_int.o(i.USB_OTG_USBH_handle_Disconnect_ISR), (44 bytes).
    Removing usb_hcd_int.o(i.USB_OTG_USBH_handle_IncompletePeriodicXfer_ISR), (70 bytes).
    Removing usb_hcd_int.o(i.USB_OTG_USBH_handle_hc_ISR), (86 bytes).
    Removing usb_hcd_int.o(i.USB_OTG_USBH_handle_hc_n_In_ISR), (1066 bytes).
    Removing usb_hcd_int.o(i.USB_OTG_USBH_handle_hc_n_Out_ISR), (976 bytes).
    Removing usb_hcd_int.o(i.USB_OTG_USBH_handle_nptxfempty_ISR), (302 bytes).
    Removing usb_hcd_int.o(i.USB_OTG_USBH_handle_port_ISR), (288 bytes).
    Removing usb_hcd_int.o(i.USB_OTG_USBH_handle_ptxfempty_ISR), (302 bytes).
    Removing usb_hcd_int.o(i.USB_OTG_USBH_handle_rx_qlvl_ISR), (356 bytes).
    Removing usb_hcd_int.o(i.USB_OTG_USBH_handle_sof_ISR), (44 bytes).
    Removing usbh_core.o(.rev16_text), (4 bytes).
    Removing usbh_core.o(.revsh_text), (4 bytes).
    Removing usbh_core.o(i.USBH_Connected), (10 bytes).
    Removing usbh_core.o(i.USBH_DeInit), (52 bytes).
    Removing usbh_core.o(i.USBH_Disconnected), (10 bytes).
    Removing usbh_core.o(i.USBH_ErrorHandle), (44 bytes).
    Removing usbh_core.o(i.USBH_HandleControl), (512 bytes).
    Removing usbh_core.o(i.USBH_HandleEnum), (456 bytes).
    Removing usbh_core.o(i.USBH_Init), (64 bytes).
    Removing usbh_core.o(i.USBH_Process), (402 bytes).
    Removing usbh_core.o(i.USBH_SOF), (4 bytes).
    Removing usbh_core.o(.data), (12 bytes).
    Removing usbh_core.o(.data), (4 bytes).
    Removing usbh_core.o(.data), (2 bytes).
    Removing usbh_hcs.o(.rev16_text), (4 bytes).
    Removing usbh_hcs.o(.revsh_text), (4 bytes).
    Removing usbh_hcs.o(i.USBH_Alloc_Channel), (36 bytes).
    Removing usbh_hcs.o(i.USBH_DeAllocate_AllChannel), (24 bytes).
    Removing usbh_hcs.o(i.USBH_Free_Channel), (24 bytes).
    Removing usbh_hcs.o(i.USBH_GetFreeChannel), (30 bytes).
    Removing usbh_hcs.o(i.USBH_Modify_Channel), (52 bytes).
    Removing usbh_hcs.o(i.USBH_Open_Channel), (80 bytes).
    Removing usbh_ioreq.o(.rev16_text), (4 bytes).
    Removing usbh_ioreq.o(.revsh_text), (4 bytes).
    Removing usbh_ioreq.o(i.USBH_BulkReceiveData), (54 bytes).
    Removing usbh_ioreq.o(i.USBH_BulkSendData), (52 bytes).
    Removing usbh_ioreq.o(i.USBH_CtlReceiveData), (36 bytes).
    Removing usbh_ioreq.o(i.USBH_CtlReq), (76 bytes).
    Removing usbh_ioreq.o(i.USBH_CtlSendData), (60 bytes).
    Removing usbh_ioreq.o(i.USBH_CtlSendSetup), (38 bytes).
    Removing usbh_ioreq.o(i.USBH_InterruptReceiveData), (62 bytes).
    Removing usbh_ioreq.o(i.USBH_InterruptSendData), (60 bytes).
    Removing usbh_ioreq.o(i.USBH_IsocReceiveData), (36 bytes).
    Removing usbh_ioreq.o(i.USBH_IsocSendData), (34 bytes).
    Removing usbh_ioreq.o(i.USBH_SubmitSetupRequest), (20 bytes).
    Removing usbh_stdreq.o(.rev16_text), (4 bytes).
    Removing usbh_stdreq.o(.revsh_text), (4 bytes).
    Removing usbh_stdreq.o(i.USBH_ClrFeature), (46 bytes).
    Removing usbh_stdreq.o(i.USBH_GetDescriptor), (50 bytes).
    Removing usbh_stdreq.o(i.USBH_GetNextDesc), (14 bytes).
    Removing usbh_stdreq.o(i.USBH_Get_CfgDesc), (92 bytes).
    Removing usbh_stdreq.o(i.USBH_Get_DevDesc), (50 bytes).
    Removing usbh_stdreq.o(i.USBH_Get_StringDesc), (46 bytes).
    Removing usbh_stdreq.o(i.USBH_ParseCfgDesc), (260 bytes).
    Removing usbh_stdreq.o(i.USBH_ParseDevDesc), (88 bytes).
    Removing usbh_stdreq.o(i.USBH_ParseEPDesc), (32 bytes).
    Removing usbh_stdreq.o(i.USBH_ParseInterfaceDesc), (38 bytes).
    Removing usbh_stdreq.o(i.USBH_ParseStringDesc), (46 bytes).
    Removing usbh_stdreq.o(i.USBH_SetAddress), (24 bytes).
    Removing usbh_stdreq.o(i.USBH_SetCfg), (24 bytes).
    Removing usbh_stdreq.o(i.USBH_SetInterface), (28 bytes).
    Removing usbh_stdreq.o(.bss), (512 bytes).
    Removing usbh_stdreq.o(.data), (4 bytes).
    Removing usbh_msc_bot.o(.rev16_text), (4 bytes).
    Removing usbh_msc_bot.o(.revsh_text), (4 bytes).
    Removing usbh_msc_bot.o(i.USBH_MSC_BOT_Abort), (64 bytes).
    Removing usbh_msc_bot.o(i.USBH_MSC_DecodeCSW), (100 bytes).
    Removing usbh_msc_bot.o(i.USBH_MSC_HandleBOTXfer), (604 bytes).
    Removing usbh_msc_bot.o(i.USBH_MSC_Init), (60 bytes).
    Removing usbh_msc_bot.o(.bss), (64 bytes).
    Removing usbh_msc_bot.o(.data), (20 bytes).
    Removing usbh_msc_core.o(.rev16_text), (4 bytes).
    Removing usbh_msc_core.o(.revsh_text), (4 bytes).
    Removing usbh_msc_core.o(i.USBH_MSC_BOTReset), (24 bytes).
    Removing usbh_msc_core.o(i.USBH_MSC_ClassRequest), (12 bytes).
    Removing usbh_msc_core.o(i.USBH_MSC_ErrorHandle), (52 bytes).
    Removing usbh_msc_core.o(i.USBH_MSC_GETMaxLUN), (32 bytes).
    Removing usbh_msc_core.o(i.USBH_MSC_Handle), (348 bytes).
    Removing usbh_msc_core.o(i.USBH_MSC_InterfaceDeInit), (60 bytes).
    Removing usbh_msc_core.o(i.USBH_MSC_InterfaceInit), (160 bytes).
    Removing usbh_msc_core.o(.bss), (74 bytes).
    Removing usbh_msc_core.o(.data), (2 bytes).
    Removing usbh_msc_core.o(.data), (16 bytes).
    Removing usbh_msc_core.o(.data), (8 bytes).
    Removing usbh_msc_scsi.o(.rev16_text), (4 bytes).
    Removing usbh_msc_scsi.o(.revsh_text), (4 bytes).
    Removing usbh_msc_scsi.o(i.USBH_MSC_ModeSense6), (156 bytes).
    Removing usbh_msc_scsi.o(i.USBH_MSC_Read10), (220 bytes).
    Removing usbh_msc_scsi.o(i.USBH_MSC_ReadCapacity10), (160 bytes).
    Removing usbh_msc_scsi.o(i.USBH_MSC_RequestSense), (160 bytes).
    Removing usbh_msc_scsi.o(i.USBH_MSC_TestUnitReady), (128 bytes).
    Removing usbh_msc_scsi.o(i.USBH_MSC_Write10), (164 bytes).
    Removing usbh_msc_scsi.o(.bss), (528 bytes).
    Removing usbh_msc_scsi.o(.bss), (512 bytes).
    Removing usbh_msc_scsi.o(.data), (1 bytes).
    Removing usb_bsp.o(.rev16_text), (4 bytes).
    Removing usb_bsp.o(.revsh_text), (4 bytes).
    Removing usb_bsp.o(i.USB_OTG_BSP_ConfigVBUS), (2 bytes).
    Removing usb_bsp.o(i.USB_OTG_BSP_DisableInterrupt), (2 bytes).
    Removing usb_bsp.o(i.USB_OTG_BSP_DriveVBUS), (2 bytes).
    Removing usb_bsp.o(i.USB_OTG_BSP_EnableInterrupt), (34 bytes).
    Removing usb_bsp.o(i.USB_OTG_BSP_Init), (116 bytes).
    Removing usb_bsp.o(i.USB_OTG_BSP_mDelay), (2 bytes).
    Removing usb_bsp.o(i.USB_OTG_BSP_uDelay), (2 bytes).
    Removing usbh_usr.o(.rev16_text), (4 bytes).
    Removing usbh_usr.o(.revsh_text), (4 bytes).
    Removing usbh_usr.o(i.USBH_UDISK_Read), (88 bytes).
    Removing usbh_usr.o(i.USBH_UDISK_Status), (16 bytes).
    Removing usbh_usr.o(i.USBH_UDISK_Write), (88 bytes).
    Removing usbh_usr.o(i.USBH_USR_Configuration_DescAvailable), (4 bytes).
    Removing usbh_usr.o(i.USBH_USR_DeInit), (12 bytes).
    Removing usbh_usr.o(i.USBH_USR_DeviceAddressAssigned), (2 bytes).
    Removing usbh_usr.o(i.USBH_USR_DeviceAttached), (2 bytes).
    Removing usbh_usr.o(i.USBH_USR_DeviceDisconnected), (2 bytes).
    Removing usbh_usr.o(i.USBH_USR_DeviceNotSupported), (32 bytes).
    Removing usbh_usr.o(i.USBH_USR_DeviceSpeedDetected), (2 bytes).
    Removing usbh_usr.o(i.USBH_USR_Device_DescAvailable), (56 bytes).
    Removing usbh_usr.o(i.USBH_USR_EnumerationDone), (28 bytes).
    Removing usbh_usr.o(i.USBH_USR_Init), (112 bytes).
    Removing usbh_usr.o(i.USBH_USR_MSC_Application), (68 bytes).
    Removing usbh_usr.o(i.USBH_USR_Manufacturer_String), (2 bytes).
    Removing usbh_usr.o(i.USBH_USR_OverCurrentDetected), (28 bytes).
    Removing usbh_usr.o(i.USBH_USR_Product_String), (2 bytes).
    Removing usbh_usr.o(i.USBH_USR_ResetDevice), (2 bytes).
    Removing usbh_usr.o(i.USBH_USR_SerialNum_String), (2 bytes).
    Removing usbh_usr.o(i.USBH_USR_UnrecoveredError), (32 bytes).
    Removing usbh_usr.o(i.USBH_USR_UserInput), (32 bytes).
    Removing usbh_usr.o(.data), (72 bytes).
    Removing usbh_usr.o(.data), (1 bytes).
    Removing ff.o(i.check_fs), (124 bytes).
    Removing ff.o(i.chk_chr), (16 bytes).
    Removing ff.o(i.clmt_clust), (38 bytes).
    Removing ff.o(i.clust2sect), (24 bytes).
    Removing ff.o(i.cmp_lfn), (128 bytes).
    Removing ff.o(i.create_chain), (168 bytes).
    Removing ff.o(i.create_name), (560 bytes).
    Removing ff.o(i.dir_alloc), (68 bytes).
    Removing ff.o(i.dir_find), (198 bytes).
    Removing ff.o(i.dir_next), (258 bytes).
    Removing ff.o(i.dir_read), (176 bytes).
    Removing ff.o(i.dir_register), (260 bytes).
    Removing ff.o(i.dir_remove), (94 bytes).
    Removing ff.o(i.dir_sdi), (140 bytes).
    Removing ff.o(i.f_chmod), (106 bytes).
    Removing ff.o(i.f_close), (30 bytes).
    Removing ff.o(i.f_closedir), (20 bytes).
    Removing ff.o(i.f_getfree), (222 bytes).
    Removing ff.o(i.f_getlabel), (166 bytes).
    Removing ff.o(i.f_gets), (68 bytes).
    Removing ff.o(i.f_lseek), (586 bytes).
    Removing ff.o(i.f_mkdir), (374 bytes).
    Removing ff.o(i.f_mkfs), (1324 bytes).
    Removing ff.o(i.f_mount), (76 bytes).
    Removing ff.o(i.f_open), (372 bytes).
    Removing ff.o(i.f_opendir), (134 bytes).
    Removing ff.o(i.f_printf), (550 bytes).
    Removing ff.o(i.f_putc), (60 bytes).
    Removing ff.o(i.f_puts), (70 bytes).
    Removing ff.o(i.f_read), (370 bytes).
    Removing ff.o(i.f_readdir), (122 bytes).
    Removing ff.o(i.f_rename), (298 bytes).
    Removing ff.o(i.f_setlabel), (412 bytes).
    Removing ff.o(i.f_stat), (86 bytes).
    Removing ff.o(i.f_sync), (154 bytes).
    Removing ff.o(i.f_truncate), (178 bytes).
    Removing ff.o(i.f_unlink), (192 bytes).
    Removing ff.o(i.f_utime), (110 bytes).
    Removing ff.o(i.f_write), (434 bytes).
    Removing ff.o(i.find_volume), (788 bytes).
    Removing ff.o(i.fit_lfn), (108 bytes).
    Removing ff.o(i.follow_path), (106 bytes).
    Removing ff.o(i.gen_numname), (152 bytes).
    Removing ff.o(i.get_fat), (204 bytes).
    Removing ff.o(i.get_fileinfo), (224 bytes).
    Removing ff.o(i.get_ldnumber), (66 bytes).
    Removing ff.o(i.ld_clust), (30 bytes).
    Removing ff.o(i.mem_cmp), (26 bytes).
    Removing ff.o(i.mem_cpy), (18 bytes).
    Removing ff.o(i.mem_set), (16 bytes).
    Removing ff.o(i.move_window), (50 bytes).
    Removing ff.o(i.pick_lfn), (112 bytes).
    Removing ff.o(i.put_fat), (246 bytes).
    Removing ff.o(i.putc_bfd), (58 bytes).
    Removing ff.o(i.remove_chain), (102 bytes).
    Removing ff.o(i.st_clust), (16 bytes).
    Removing ff.o(i.sum_sfn), (26 bytes).
    Removing ff.o(i.sync_fs), (180 bytes).
    Removing ff.o(i.sync_window), (82 bytes).
    Removing ff.o(i.validate), (44 bytes).
    Removing ff.o(.bss), (12 bytes).
    Removing ff.o(.constdata), (58 bytes).
    Removing ff.o(.data), (2 bytes).
    Removing diskio.o(.rev16_text), (4 bytes).
    Removing diskio.o(.revsh_text), (4 bytes).
    Removing diskio.o(i.disk_initialize), (24 bytes).
    Removing diskio.o(i.disk_ioctl), (120 bytes).
    Removing diskio.o(i.disk_read), (40 bytes).
    Removing diskio.o(i.disk_status), (4 bytes).
    Removing diskio.o(i.disk_write), (40 bytes).
    Removing diskio.o(i.ff_memalloc), (8 bytes).
    Removing diskio.o(i.ff_memfree), (8 bytes).
    Removing diskio.o(i.get_fattime), (4 bytes).
    Removing diskio.o(.data), (2 bytes).
    Removing cc936.o(i.ff_convert), (88 bytes).
    Removing cc936.o(i.ff_wtoupper), (44 bytes).
    Removing cc936.o(.constdata), (175304 bytes).
    Removing guicc_m565.o(i.GUICC_M565_SetCustColorConv), (12 bytes).
    Removing gui_alloc.o(i.GUI_ALLOC_GetNumFreeBlocks), (12 bytes).
    Removing gui_alloc.o(i.GUI_ALLOC_GetNumFreeBytes), (20 bytes).
    Removing gui_alloc.o(i.GUI_ALLOC_GetNumUsedBlocks), (16 bytes).
    Removing gui_alloc.o(i.GUI_ALLOC_GetNumUsedBytes), (16 bytes).
    Removing gui_alloc.o(i.GUI_ALLOC_Lock), (16 bytes).
    Removing gui_alloc.o(i.GUI_ALLOC_SetAvBlockSize), (28 bytes).
    Removing gui_alloc.o(i.GUI_ALLOC_SetMaxPercentage), (24 bytes).
    Removing gui_alloc.o(i.GUI_ALLOC_Unlock), (16 bytes).
    Removing gui_alloc.o(i.GUI_ALLOC_p2h), (6 bytes).
    Removing gui_core.o(i.GUI_Exit), (32 bytes).
    Removing gui_core.o(i.GUI_SetFuncGetpPalConvTable), (12 bytes).
    Removing gui_device.o(i.GUI_DEVICE_LinkDevices), (18 bytes).
    Removing gui_device.o(i.GUI_DEVICE_UnlinkTaskDevices), (68 bytes).
    Removing gui_device.o(i.GUI_DEVICE__GetpDevice), (36 bytes).
    Removing gui_device.o(.constdata), (8 bytes).
    Removing gui_drawbitmap_565.o(i._DrawBitmapSwapRB), (32 bytes).
    Removing gui_drawbitmap_565.o(.constdata), (12 bytes).
    Removing gui_encext.o(i.GUIPROP_EXT__SetfpClearLine), (12 bytes).
    Removing gui_pen.o(i.GUI_GetPenShape), (12 bytes).
    Removing gui_pen.o(i.GUI_GetPenSize), (12 bytes).
    Removing gui_pen.o(i.GUI_SetPenShape), (16 bytes).
    Removing lcd_getex.o(i.LCD_GetBitsPerPixel), (16 bytes).
    Removing lcd_getex.o(i.LCD_GetBitsPerPixelMax), (6 bytes).
    Removing lcd_getex.o(i.LCD_GetDevFunc), (24 bytes).
    Removing lcd_getex.o(i.LCD_GetMirrorX), (16 bytes).
    Removing lcd_getex.o(i.LCD_GetMirrorXEx), (6 bytes).
    Removing lcd_getex.o(i.LCD_GetMirrorY), (16 bytes).
    Removing lcd_getex.o(i.LCD_GetMirrorYEx), (6 bytes).
    Removing lcd_getex.o(i.LCD_GetSwapXY), (16 bytes).
    Removing lcd_getex.o(i.LCD_GetSwapXYEx), (6 bytes).
    Removing lcd_getex.o(i.LCD_GetVXSize), (16 bytes).
    Removing lcd_getex.o(i.LCD_GetVYSize), (16 bytes).
    Removing lcd_getex.o(i.LCD_GetVYSizeMax), (6 bytes).
    Removing lcd_getex.o(i.LCD_GetXMag), (16 bytes).
    Removing lcd_getex.o(i.LCD_GetXMagEx), (6 bytes).
    Removing lcd_getex.o(i.LCD_GetXSizeEx), (6 bytes).
    Removing lcd_getex.o(i.LCD_GetXSizeMax), (6 bytes).
    Removing lcd_getex.o(i.LCD_GetYMag), (16 bytes).
    Removing lcd_getex.o(i.LCD_GetYMagEx), (6 bytes).
    Removing lcd_getex.o(i.LCD_GetYSizeEx), (6 bytes).
    Removing lcd_getex.o(i.LCD_GetYSizeMax), (6 bytes).
    Removing lcd_getex.o(i.LCD_GetpfColor2IndexEx), (16 bytes).
    Removing lcd_getex.o(i.LCD_GetpfIndex2ColorEx), (16 bytes).
    Removing lcd_set.o(i.LCD_GetPos), (20 bytes).
    Removing lcd_set.o(i.LCD_GetPosEx), (44 bytes).
    Removing lcd_set.o(i.LCD_Refresh), (16 bytes).
    Removing lcd_set.o(i.LCD_RefreshEx), (36 bytes).
    Removing lcd_set.o(i.LCD_SetAlpha), (16 bytes).
    Removing lcd_set.o(i.LCD_SetAlphaEx), (40 bytes).
    Removing lcd_set.o(i.LCD_SetAlphaMode), (16 bytes).
    Removing lcd_set.o(i.LCD_SetAlphaModeEx), (40 bytes).
    Removing lcd_set.o(i.LCD_SetChroma), (20 bytes).
    Removing lcd_set.o(i.LCD_SetChromaEx), (44 bytes).
    Removing lcd_set.o(i.LCD_SetChromaMode), (16 bytes).
    Removing lcd_set.o(i.LCD_SetChromaModeEx), (40 bytes).
    Removing lcd_set.o(i.LCD_SetDevFunc), (44 bytes).
    Removing lcd_set.o(i.LCD_SetLUTEntry), (20 bytes).
    Removing lcd_set.o(i.LCD_SetPos), (20 bytes).
    Removing lcd_set.o(i.LCD_SetPosEx), (44 bytes).
    Removing lcd_set.o(i.LCD_SetSize), (20 bytes).
    Removing lcd_set.o(i.LCD_SetVRAMAddr), (16 bytes).
    Removing lcd_set.o(i.LCD_SetVRAMAddrEx), (40 bytes).
    Removing lcd_set.o(i.LCD_SetVSize), (20 bytes).
    Removing lcd_set.o(i.LCD_SetVis), (16 bytes).
    Removing lcd_set.o(i.LCD_SetVisEx), (40 bytes).
    Removing guidrv_flexcolor.o(i.GUIDRV_FlexColor__AddCacheRect), (68 bytes).
    Removing guidrv_flexcolor.o(i.GUIDRV_FlexColor__ControlCache), (118 bytes).
    Removing guidrv_flexcolor.o(i.GUIDRV_FlexColor__GetPixelIndexCache), (130 bytes).
    Removing guidrv_flexcolor.o(i.GUIDRV_FlexColor__IncrementCursor), (38 bytes).
    Removing guidrv_flexcolor.o(i.GUIDRV_FlexColor__ManageRect), (76 bytes).
    Removing guidrv_flexcolor.o(i.GUIDRV_FlexColor__Refresh), (40 bytes).
    Removing guidrv_flexcolor.o(i.GUIDRV_FlexColor__SetCacheAddr), (8 bytes).
    Removing guidrv_flexcolor.o(i.GUIDRV_FlexColor__SetCacheRect), (16 bytes).
    Removing guidrv_flexcolor.o(i.GUIDRV_FlexColor__SetPixelIndexCache), (152 bytes).
    Removing guidrv_flexcolor.o(i.GUIDRV_FlexColor__SetSubRect), (30 bytes).
    Removing guidrv_flexcolor.o(i._CalcCacheAddr), (14 bytes).
    Removing guidrv_flexcolor_func66720.o(i.GUIDRV_FlexColor_SetReadFunc66720_B16), (72 bytes).
    Removing guidrv_flexcolor_func66720.o(i._ReadPixel_16bpp_B16_II), (32 bytes).
    Removing guidrv_flexcolor_func66720.o(i._ReadRect_16bpp_B16_II), (62 bytes).
    Removing f6x8.o(.constdata), (36 bytes).
    Removing button.o(i.BUTTON_CreateEx), (28 bytes).
    Removing button.o(i.BUTTON_GetUserData), (6 bytes).
    Removing button.o(i.BUTTON_GetpWidget), (20 bytes).
    Removing button.o(i.BUTTON_SetFocussable), (16 bytes).
    Removing button.o(i.BUTTON_SetReactOnLevel), (24 bytes).
    Removing button.o(i.BUTTON_SetReactOnTouch), (20 bytes).
    Removing button.o(i.BUTTON_SetState), (4 bytes).
    Removing button.o(i.BUTTON_SetTextOffset), (36 bytes).
    Removing button.o(i.BUTTON_SetUserData), (6 bytes).
    Removing button.o(i._OnPidStateChange), (68 bytes).
    Removing button.o(i._OnTouchReactOnLevel), (44 bytes).
    Removing button_skin.o(i.BUTTON_SetSkin), (44 bytes).
    Removing button_skinflex.o(i.BUTTON_GetSkinFlexProps), (24 bytes).
    Removing button_skinflex.o(i.BUTTON_SetSkinFlexProps), (28 bytes).
    Removing checkbox_skin.o(i.CHECKBOX_SetSkin), (44 bytes).
    Removing checkbox_skinflex.o(i.CHECKBOX_GetSkinFlexProps), (24 bytes).
    Removing checkbox_skinflex.o(i.CHECKBOX_SetSkinFlexButtonSize), (28 bytes).
    Removing checkbox_skinflex.o(i.CHECKBOX_SetSkinFlexProps), (28 bytes).
    Removing dialog.o(i.DIALOG_SetBkColor), (16 bytes).
    Removing dialog.o(i.GUI_EndDialog), (28 bytes).
    Removing dialog.o(i.GUI_ExecCreatedDialog), (36 bytes).
    Removing dialog.o(i.GUI_ExecDialogBox), (22 bytes).
    Removing dialog.o(i.GUI_GetDialogStatusPtr), (26 bytes).
    Removing dialog.o(i.GUI_SetDialogStatusPtr), (22 bytes).
    Removing dropdown_skin.o(i.DROPDOWN_SetSkin), (44 bytes).
    Removing dropdown_skinflex.o(i.DROPDOWN_GetSkinFlexProps), (24 bytes).
    Removing dropdown_skinflex.o(i.DROPDOWN_SetSkinFlexProps), (28 bytes).
    Removing framewin_skin.o(i.FRAMEWIN_SetSkin), (124 bytes).
    Removing framewin_skinflex.o(i.FRAMEWIN_GetSkinFlexProps), (24 bytes).
    Removing framewin_skinflex.o(i.FRAMEWIN_SetSkinFlexProps), (80 bytes).
    Removing framewin_skinflex.o(.constdata), (8 bytes).
    Removing graph.o(i.GRAPH_CreateEx), (28 bytes).
    Removing graph.o(i.GRAPH_DetachData), (92 bytes).
    Removing graph.o(i.GRAPH_DetachScale), (92 bytes).
    Removing graph.o(i.GRAPH_GetScrollValue), (44 bytes).
    Removing graph.o(i.GRAPH_GetUserData), (6 bytes).
    Removing graph.o(i.GRAPH_SetAutoScrollbar), (92 bytes).
    Removing graph.o(i.GRAPH_SetColor), (52 bytes).
    Removing graph.o(i.GRAPH_SetGridDistX), (42 bytes).
    Removing graph.o(i.GRAPH_SetGridOffY), (42 bytes).
    Removing graph.o(i.GRAPH_SetLineStyle), (22 bytes).
    Removing graph.o(i.GRAPH_SetLineStyleH), (46 bytes).
    Removing graph.o(i.GRAPH_SetLineStyleV), (46 bytes).
    Removing graph.o(i.GRAPH_SetScrollValue), (102 bytes).
    Removing graph.o(i.GRAPH_SetUserData), (6 bytes).
    Removing graph.o(i.GRAPH_SetUserDraw), (32 bytes).
    Removing graph.o(i.GRAPH_SetVSizeX), (56 bytes).
    Removing graph.o(i.GRAPH_SetVSizeY), (56 bytes).
    Removing graph_data_yt.o(i.GRAPH_DATA_YT_Clear), (30 bytes).
    Removing graph_data_yt.o(i.GRAPH_DATA_YT_Delete), (4 bytes).
    Removing graph_data_yt.o(i.GRAPH_DATA_YT_MirrorX), (38 bytes).
    Removing graph_data_yt.o(i.GRAPH_DATA_YT_SetAlign), (38 bytes).
    Removing graph_data_yt.o(i.GRAPH_DATA_YT_SetOffY), (36 bytes).
    Removing graph_scale.o(i.GRAPH_SCALE_Delete), (4 bytes).
    Removing graph_scale.o(i.GRAPH_SCALE_SetFont), (38 bytes).
    Removing graph_scale.o(i.GRAPH_SCALE_SetNumDecs), (38 bytes).
    Removing graph_scale.o(i.GRAPH_SCALE_SetOff), (38 bytes).
    Removing graph_scale.o(i.GRAPH_SCALE_SetPos), (38 bytes).
    Removing graph_scale.o(i.GRAPH_SCALE_SetTextColor), (38 bytes).
    Removing graph_scale.o(i.GRAPH_SCALE_SetTickDist), (38 bytes).
    Removing header_skin.o(i.HEADER_SetSkin), (44 bytes).
    Removing header_skinflex.o(i.HEADER_GetSkinFlexProps), (20 bytes).
    Removing header_skinflex.o(i.HEADER_SetSkinFlexProps), (24 bytes).
    Removing progbar_skin.o(i.PROGBAR_SetSkin), (44 bytes).
    Removing progbar_skinflex.o(i.PROGBAR_GetSkinFlexProps), (20 bytes).
    Removing progbar_skinflex.o(i.PROGBAR_SetSkinFlexProps), (24 bytes).
    Removing radio_skin.o(i.RADIO_SetSkin), (44 bytes).
    Removing radio_skinflex.o(i.RADIO_GetSkinFlexProps), (24 bytes).
    Removing radio_skinflex.o(i.RADIO_SetSkinFlexProps), (28 bytes).
    Removing scrollbar_skin.o(i.SCROLLBAR_SetSkin), (52 bytes).
    Removing scrollbar_skinflex.o(i.SCROLLBAR_GetSkinFlexProps), (24 bytes).
    Removing scrollbar_skinflex.o(i.SCROLLBAR_SetSkinFlexProps), (28 bytes).
    Removing scrollbar_skinflex.o(.constdata), (8 bytes).
    Removing slider_skin.o(i.SLIDER_SetSkin), (44 bytes).
    Removing slider_skinflex.o(i.SLIDER_GetSkinFlexProps), (24 bytes).
    Removing slider_skinflex.o(i.SLIDER_SetSkinFlexProps), (28 bytes).
    Removing slider_skinflex.o(.constdata), (8 bytes).
    Removing window.o(i.WINDOW_CreateEx), (28 bytes).
    Removing window.o(i.WINDOW_GetUserData), (6 bytes).
    Removing window.o(i.WINDOW_SetUserData), (6 bytes).
    Removing wm.o(i.WM_CreateWindow), (30 bytes).
    Removing wm_setdesktopcolor.o(i.WM_SetDesktopColors), (22 bytes).
    Removing gui_2dlib.o(i.GUI_MoveRel), (24 bytes).
    Removing gui_2dlib.o(i.GUI_MoveTo), (20 bytes).
    Removing gui_char.o(i.GL_DispChar), (60 bytes).
    Removing gui_char.o(i.GUI_DispNextLine), (28 bytes).
    Removing gui_drawline.o(i.GL_DrawLine1), (16 bytes).
    Removing gui_drawline.o(i.GUI_DrawLineRel), (60 bytes).
    Removing gui_drawline.o(i.GUI_DrawLineTo), (64 bytes).
    Removing gui_errorout.o(i.GUI_ErrorOut2), (76 bytes).
    Removing gui_errorout.o(i.GUI_ErrorOut3), (88 bytes).
    Removing gui_errorout.o(i.GUI_ErrorOut4), (104 bytes).
    Removing gui_errorout.o(i.GUI_SetOnErrorFunc), (12 bytes).
    Removing gui_getcolor.o(i.GUI_GetBkColorIndex), (4 bytes).
    Removing gui_getcolor.o(i.GUI_GetColorIndex), (4 bytes).
    Removing gui_getysizeoffont.o(i.GUI_GetYDistOfFont), (10 bytes).
    Removing gui_goto.o(i.GUI_GotoX), (4 bytes).
    Removing gui_goto.o(i.GUI_GotoY), (4 bytes).
    Removing gui_onkey.o(i.GUI_ClearKeyBuffer), (28 bytes).
    Removing gui_onkey.o(i.GUI_GetKey), (16 bytes).
    Removing gui_onkey.o(i.GUI_GetKeyState), (24 bytes).
    Removing gui_onkey.o(i.GUI_SendKeyMsg), (28 bytes).
    Removing gui_onkey.o(i.GUI_StoreKeyMsg), (36 bytes).
    Removing gui_selectlayer.o(i.GUI_AssignCursorLayer), (44 bytes).
    Removing gui_selectlayer.o(i.GUI_GetCursorLayer), (20 bytes).
    Removing gui_selectlayer.o(i.GUI_GetLayerPosEx), (22 bytes).
    Removing gui_selectlayer.o(i.GUI_SetLayerAlphaEx), (4 bytes).
    Removing gui_selectlayer.o(i.GUI_SetLayerPosEx), (4 bytes).
    Removing gui_selectlayer.o(i.GUI_SetLayerSizeEx), (4 bytes).
    Removing gui_selectlayer.o(i.GUI_SetLayerVisEx), (4 bytes).
    Removing gui_selectlayer.o(.data), (8 bytes).
    Removing gui_setdefault.o(i.GUI_SetDefault), (4 bytes).
    Removing gui_timer.o(i.GUI_TIMER_GetPeriod), (24 bytes).
    Removing gui_timer.o(i.GUI_TIMER_SetDelay), (36 bytes).
    Removing gui_timer.o(i.GUI_TIMER_SetTime), (24 bytes).
    Removing gui_timer.o(i.GUI_TIMER__GetNextTimer), (60 bytes).
    Removing gui_timer.o(i.GUI_TIMER__GetPeriod), (44 bytes).
    Removing gui_timer.o(i.GUI_TIMER__IsActive), (20 bytes).
    Removing gui_uc.o(i.GUI_UC_Encode), (12 bytes).
    Removing gui_uc.o(i.GUI_UC_GetCharCode), (12 bytes).
    Removing gui_uc.o(i.GUI_UC_GetCharSize), (12 bytes).
    Removing gui_uc.o(i.GUI_UC__CalcSizeOfChar), (12 bytes).
    Removing gui_uc.o(i.GUI_UC__NumBytes2NumChars), (44 bytes).
    Removing gui_uc_encodenone.o(i.GUI_UC_SetEncodeNone), (16 bytes).
    Removing gui_valf.o(i.GUI_DispFloat), (78 bytes).
    Removing gui_valf.o(i.GUI_DispFloatFix), (6 bytes).
    Removing gui_valf.o(i.GUI_DispSFloatFix), (6 bytes).
    Removing gui_valf.o(i.GUI_DispSFloatMin), (6 bytes).
    Removing gui_waitevent.o(i.GUI_SetSignalEventFunc), (12 bytes).
    Removing gui_waitevent.o(i.GUI_SetWaitEventFunc), (12 bytes).
    Removing gui_waitevent.o(i.GUI_SetWaitEventTimedFunc), (12 bytes).
    Removing gui_waitevent.o(i.GUI_WaitEvent), (56 bytes).
    Removing gui_waitevent.o(i._WaitEvent), (16 bytes).
    Removing lcd_color.o(i.LCD_GetpPalConvTable), (4 bytes).
    Removing lcd_color.o(i.LCD_SetMaxNumColors), (24 bytes).
    Removing f16_ascii.o(.constdata), (36 bytes).
    Removing f24_ascii.o(.constdata), (12 bytes).
    Removing f24_ascii.o(.constdata), (36 bytes).
    Removing guidev.o(i.GUI_MEMDEV_Create), (12 bytes).
    Removing guidev.o(i.GUI_MEMDEV_MarkDirty), (74 bytes).
    Removing guidev_banding.o(i.GUI_MEMDEV__SetAlphaCallback), (12 bytes).
    Removing guidev_staticdevices.o(i.GUIDEV_StaticDevices_C), (2 bytes).
    Removing guidev_staticdevices.o(i.GUI_MEMDEV_CreateStatic), (16 bytes).
    Removing guidev_staticdevices.o(i.GUI_MEMDEV_GetStaticDevice), (24 bytes).
    Removing guidev_staticdevices.o(i.GUI_MEMDEV_GetWindowDevice), (16 bytes).
    Removing guidev_staticdevices.o(i._AddContent), (160 bytes).
    Removing guidev_staticdevices.o(i._CopyContent), (456 bytes).
    Removing guidev_staticdevices.o(i._CreateStatic), (124 bytes).
    Removing guidev_staticdevices.o(i._GetWindowDevice), (104 bytes).
    Removing guidev_usage.o(i.GUI_USAGE_Select), (32 bytes).
    Removing button_skinclassic.o(i.BUTTON_SetDefaultSkinClassic), (16 bytes).
    Removing button_skinclassic.o(i.BUTTON_SetSkinClassic), (36 bytes).
    Removing checkbox.o(i.CHECKBOX_Callback), (168 bytes).
    Removing checkbox.o(i.CHECKBOX_CreateEx), (28 bytes).
    Removing checkbox.o(i.CHECKBOX_CreateUser), (176 bytes).
    Removing checkbox.o(i.CHECKBOX_GetUserData), (6 bytes).
    Removing checkbox.o(i.CHECKBOX_SetUserData), (6 bytes).
    Removing checkbox.o(i._OnTouch), (112 bytes).
    Removing dropdown.o(i.DROPDOWN_AddKey), (114 bytes).
    Removing dropdown.o(i.DROPDOWN_Callback), (364 bytes).
    Removing dropdown.o(i.DROPDOWN_Collapse), (44 bytes).
    Removing dropdown.o(i.DROPDOWN_CreateEx), (28 bytes).
    Removing dropdown.o(i.DROPDOWN_CreateUser), (156 bytes).
    Removing dropdown.o(i.DROPDOWN_DecSel), (24 bytes).
    Removing dropdown.o(i.DROPDOWN_Expand), (508 bytes).
    Removing dropdown.o(i.DROPDOWN_GetItemText), (96 bytes).
    Removing dropdown.o(i.DROPDOWN_GetSel), (26 bytes).
    Removing dropdown.o(i.DROPDOWN_GetUserData), (6 bytes).
    Removing dropdown.o(i.DROPDOWN_IncSel), (20 bytes).
    Removing dropdown.o(i.DROPDOWN_SetSel), (70 bytes).
    Removing dropdown.o(i.DROPDOWN_SetUpMode), (48 bytes).
    Removing dropdown.o(i.DROPDOWN_SetUserData), (6 bytes).
    Removing dropdown.o(i.DROPDOWN__AdjustHeight), (66 bytes).
    Removing dropdown.o(i.DROPDOWN__GetNumItems), (6 bytes).
    Removing dropdown.o(i._Tolower), (12 bytes).
    Removing framewin.o(i.FRAMEWIN_Callback), (484 bytes).
    Removing framewin.o(i.FRAMEWIN_CreateEx), (40 bytes).
    Removing framewin.o(i.FRAMEWIN_CreateUser), (224 bytes).
    Removing framewin.o(i.FRAMEWIN_GetUserData), (6 bytes).
    Removing framewin.o(i.FRAMEWIN_SetActive), (10 bytes).
    Removing framewin.o(i.FRAMEWIN_SetMoveable), (40 bytes).
    Removing framewin.o(i.FRAMEWIN_SetText), (62 bytes).
    Removing framewin.o(i.FRAMEWIN_SetTextAlign), (40 bytes).
    Removing framewin.o(i.FRAMEWIN_SetUserData), (6 bytes).
    Removing framewin.o(i.FRAMEWIN__UpdatePositions), (110 bytes).
    Removing framewin.o(i.FRAMEWIN__cbClient), (232 bytes).
    Removing framewin.o(i._OnTouch), (112 bytes).
    Removing framewin.o(i._SetActive), (58 bytes).
    Removing framewin__updatebuttons.o(i.FRAMEWIN__UpdateButtons), (226 bytes).
    Removing framewin_get.o(i.FRAMEWIN_GetBarColor), (34 bytes).
    Removing framewin_get.o(i.FRAMEWIN_GetBorderSize), (40 bytes).
    Removing framewin_get.o(i.FRAMEWIN_GetBorderSizeEx), (42 bytes).
    Removing framewin_get.o(i.FRAMEWIN_GetFont), (34 bytes).
    Removing framewin_get.o(i.FRAMEWIN_GetText), (68 bytes).
    Removing framewin_get.o(i.FRAMEWIN_GetTextAlign), (26 bytes).
    Removing framewin_get.o(i.FRAMEWIN_GetTitleHeight), (48 bytes).
    Removing gui_array.o(i.GUI_ARRAY_SetItem), (138 bytes).
    Removing gui_array.o(i.GUI_ARRAY__SethItem), (52 bytes).
    Removing gui_array_deleteitem.o(i.GUI_ARRAY_DeleteItem), (82 bytes).
    Removing header.o(i.HEADER_AddItem), (184 bytes).
    Removing header.o(i.HEADER_Callback), (298 bytes).
    Removing header.o(i.HEADER_Create), (32 bytes).
    Removing header.o(i.HEADER_CreateEx), (28 bytes).
    Removing header.o(i.HEADER_CreateUser), (216 bytes).
    Removing header.o(i.HEADER_DeleteItem), (58 bytes).
    Removing header.o(i.HEADER_GetHeight), (50 bytes).
    Removing header.o(i.HEADER_GetItemWidth), (54 bytes).
    Removing header.o(i.HEADER_GetNumItems), (30 bytes).
    Removing header.o(i.HEADER_GetUserData), (6 bytes).
    Removing header.o(i.HEADER_SetDirIndicator), (46 bytes).
    Removing header.o(i.HEADER_SetFont), (52 bytes).
    Removing header.o(i.HEADER_SetHeight), (46 bytes).
    Removing header.o(i.HEADER_SetItemText), (74 bytes).
    Removing header.o(i.HEADER_SetItemWidth), (110 bytes).
    Removing header.o(i.HEADER_SetScrollPos), (50 bytes).
    Removing header.o(i.HEADER_SetTextAlign), (60 bytes).
    Removing header.o(i.HEADER_SetUserData), (6 bytes).
    Removing header.o(i._GetDividerIndex), (164 bytes).
    Removing header.o(i._GetItemIndex), (134 bytes).
    Removing header.o(i._HandlePID), (236 bytes).
    Removing header.o(i._LimitDragWitdh), (134 bytes).
    Removing header.o(i._RestoreOldCursor), (44 bytes).
    Removing progbar.o(i.PROGBAR_Callback), (86 bytes).
    Removing progbar.o(i.PROGBAR_CreateEx), (28 bytes).
    Removing progbar.o(i.PROGBAR_CreateUser), (172 bytes).
    Removing progbar.o(i.PROGBAR_GetUserData), (6 bytes).
    Removing progbar.o(i.PROGBAR_SetUserData), (6 bytes).
    Removing progbar.o(i.PROGBAR_SetValue), (320 bytes).
    Removing progbar.o(i._SetValue), (44 bytes).
    Removing radio.o(i.RADIO_AddValue), (34 bytes).
    Removing radio.o(i.RADIO_Callback), (176 bytes).
    Removing radio.o(i.RADIO_CreateEx), (40 bytes).
    Removing radio.o(i.RADIO_CreateUser), (204 bytes).
    Removing radio.o(i.RADIO_Dec), (8 bytes).
    Removing radio.o(i.RADIO_GetUserData), (6 bytes).
    Removing radio.o(i.RADIO_GetValue), (26 bytes).
    Removing radio.o(i.RADIO_Inc), (6 bytes).
    Removing radio.o(i.RADIO_SetUserData), (6 bytes).
    Removing radio.o(i.RADIO_SetValue), (60 bytes).
    Removing radio.o(i.RADIO__SetValue), (64 bytes).
    Removing radio.o(i._OnTouch), (138 bytes).
    Removing scrollbar.o(i.SCROLLBAR_GetUserData), (6 bytes).
    Removing scrollbar.o(i.SCROLLBAR_SetNumItems), (36 bytes).
    Removing scrollbar.o(i.SCROLLBAR_SetPageSize), (36 bytes).
    Removing scrollbar.o(i.SCROLLBAR_SetState), (36 bytes).
    Removing scrollbar.o(i.SCROLLBAR_SetUserData), (6 bytes).
    Removing slider.o(i.SLIDER_Callback), (112 bytes).
    Removing slider.o(i.SLIDER_CreateEx), (28 bytes).
    Removing slider.o(i.SLIDER_CreateUser), (136 bytes).
    Removing slider.o(i.SLIDER_Dec), (54 bytes).
    Removing slider.o(i.SLIDER_GetUserData), (6 bytes).
    Removing slider.o(i.SLIDER_GetValue), (24 bytes).
    Removing slider.o(i.SLIDER_Inc), (54 bytes).
    Removing slider.o(i.SLIDER_SetNumTicks), (34 bytes).
    Removing slider.o(i.SLIDER_SetRange), (56 bytes).
    Removing slider.o(i.SLIDER_SetUserData), (6 bytes).
    Removing slider.o(i.SLIDER_SetValue), (68 bytes).
    Removing slider.o(i.SLIDER_SetWidth), (40 bytes).
    Removing slider.o(i._OnTouch), (214 bytes).
    Removing text.o(i.TEXT_CreateEx), (28 bytes).
    Removing text.o(i.TEXT_GetUserData), (6 bytes).
    Removing text.o(i.TEXT_SetUserData), (6 bytes).
    Removing widget.o(i.WIDGET_GetState), (24 bytes).
    Removing widget.o(i.WIDGET_SetDefaultEffect), (16 bytes).
    Removing widget.o(i.WIDGET__DrawHLine), (68 bytes).
    Removing widget.o(i.WIDGET__GetWindowSizeX), (42 bytes).
    Removing wm_checkscrollpos.o(i.WM_CheckScrollPos), (48 bytes).
    Removing wm_checkscrollpos.o(i.WM_SetScrollValue), (18 bytes).
    Removing wm_criticalhandle.o(i.WM__RemoveCriticalHandle), (44 bytes).
    Removing wm_getwindowrect.o(i.WM_GetWindowRect), (40 bytes).
    Removing wm_touch.o(i.WM_HandlePID), (868 bytes).
    Removing wm_touch.o(i.WM__IsInModalArea), (72 bytes).
    Removing wm_touch.o(i.WM__SendPIDMessage), (62 bytes).
    Removing wm_touch.o(i.WM__SendTouchMessage), (54 bytes).
    Removing wm_touch.o(i.WM__SetLastTouched), (32 bytes).
    Removing wm_touch.o(i.WM__SetMotionCallback), (12 bytes).
    Removing wm_touch.o(i.WM__SetToolTipCallback), (12 bytes).
    Removing wm_touch.o(.data), (8 bytes).
    Removing wm_userdata.o(i.WM_GetUserData), (6 bytes).
    Removing wm_userdata.o(i.WM_SetUserData), (6 bytes).
    Removing wm_userdata.o(i.WM__GetUserDataEx), (50 bytes).
    Removing wm_userdata.o(i.WM__SetUserDataEx), (50 bytes).
    Removing wm_userdata.o(i._CalcNumBytes), (22 bytes).
    Removing gui__alpha.o(i.GUI_SetFuncAlphaBlending), (12 bytes).
    Removing gui__alpha.o(i.GUI_SetFuncMixColors), (12 bytes).
    Removing gui__alpha.o(i.GUI_SetFuncMixColorsBulk), (12 bytes).
    Removing gui__alpha.o(i.GUI__SetAlphaBufferSize), (12 bytes).
    Removing gui_adddecmin.o(i.GUI_AddDecMin), (26 bytes).
    Removing gui_curs1.o(i.GUI_CURSOR_GetState), (16 bytes).
    Removing gui_curs1.o(i.GUI_CURSOR_GetStateEx), (20 bytes).
    Removing gui_curs1.o(i.GUI_CURSOR_Hide), (16 bytes).
    Removing gui_curs1.o(i.GUI_CURSOR_HideEx), (80 bytes).
    Removing gui_curs1.o(i.GUI_CURSOR_Select), (16 bytes).
    Removing gui_curs1.o(i.GUI_CURSOR_SelectEx), (200 bytes).
    Removing gui_curs1.o(i.GUI_CURSOR_SetBitmap), (16 bytes).
    Removing gui_curs1.o(i.GUI_CURSOR_SetBitmapEx), (80 bytes).
    Removing gui_curs1.o(i.GUI_CURSOR_SetPosition), (16 bytes).
    Removing gui_curs1.o(i.GUI_CURSOR_SetPositionEx), (112 bytes).
    Removing gui_curs1.o(i.GUI_CURSOR_Show), (16 bytes).
    Removing gui_curs1.o(i.GUI_CURSOR_ShowEx), (48 bytes).
    Removing gui_curs1.o(i.GUI_CURSOR__GetSpriteEx), (28 bytes).
    Removing gui_curs1.o(i.GUI_CURSOR__SetSpriteEx), (24 bytes).
    Removing gui_curs1.o(i._OnExit), (24 bytes).
    Removing gui_curs1.o(i._Show), (56 bytes).
    Removing gui_curs1.o(.bss), (40 bytes).
    Removing gui_curs1.o(.data), (12 bytes).
    Removing gui_drawpoint.o(i.GUI_DrawPoint), (44 bytes).
    Removing gui_fillpolygon.o(i.GUI_FillPolygon), (104 bytes).
    Removing gui_pid.o(i.GUI_PID_GetCurrentState), (32 bytes).
    Removing gui_pid.o(i.GUI_PID_GetState), (76 bytes).
    Removing gui_pid.o(i.GUI_PID_IsEmpty), (24 bytes).
    Removing gui_pid.o(i.GUI_PID_IsPressed), (20 bytes).
    Removing gui_pid.o(i.GUI_PID_StoreState), (28 bytes).
    Removing gui_pid.o(i._DecPointer), (20 bytes).
    Removing gui_pid.o(i._IncPointer), (20 bytes).
    Removing gui_pid.o(i._StoreState), (88 bytes).
    Removing gui_pid.o(.bss), (72 bytes).
    Removing gui_pid.o(.data), (8 bytes).
    Removing gui_setalpha.o(i.GUI_SetAlpha), (120 bytes).
    Removing gui_setalpha.o(i._Color2Index), (28 bytes).
    Removing gui_setalpha.o(i._Color2IndexBulk), (152 bytes).
    Removing gui_setalpha.o(i._DrawBitLine16BPP), (104 bytes).
    Removing gui_setalpha.o(i._DrawBitLine1BPP), (376 bytes).
    Removing gui_setalpha.o(i._DrawBitLine2BPP), (276 bytes).
    Removing gui_setalpha.o(i._DrawBitLine32BPP), (100 bytes).
    Removing gui_setalpha.o(i._DrawBitLine4BPP), (276 bytes).
    Removing gui_setalpha.o(i._DrawBitLine8BPP), (156 bytes).
    Removing gui_setalpha.o(i._DrawBitmap), (202 bytes).
    Removing gui_setalpha.o(i._DrawBitmapLine), (84 bytes).
    Removing gui_setalpha.o(i._DrawHLine), (124 bytes).
    Removing gui_setalpha.o(i._DrawVLine), (72 bytes).
    Removing gui_setalpha.o(i._FillRect), (38 bytes).
    Removing gui_setalpha.o(i._GetBitsPerPixel), (24 bytes).
    Removing gui_setalpha.o(i._GetDevData), (4 bytes).
    Removing gui_setalpha.o(i._GetDevFunc), (12 bytes).
    Removing gui_setalpha.o(i._GetDevProp), (8 bytes).
    Removing gui_setalpha.o(i._GetIndexMask), (28 bytes).
    Removing gui_setalpha.o(i._GetLine), (164 bytes).
    Removing gui_setalpha.o(i._GetPixelIndex), (8 bytes).
    Removing gui_setalpha.o(i._GetPointers), (18 bytes).
    Removing gui_setalpha.o(i._GetRect), (8 bytes).
    Removing gui_setalpha.o(i._Index2Color), (28 bytes).
    Removing gui_setalpha.o(i._Index2ColorBulk), (152 bytes).
    Removing gui_setalpha.o(i._InitAlpha), (152 bytes).
    Removing gui_setalpha.o(i._MixColors), (60 bytes).
    Removing gui_setalpha.o(i._OnExit), (56 bytes).
    Removing gui_setalpha.o(i._ReadRectFromMemdev), (148 bytes).
    Removing gui_setalpha.o(i._SetOrg), (8 bytes).
    Removing gui_setalpha.o(i._SetPixelIndex), (68 bytes).
    Removing gui_setalpha.o(i._XorPixel), (42 bytes).
    Removing gui_setalpha.o(.constdata), (76 bytes).
    Removing gui_val.o(i.GUI_DispDec), (6 bytes).
    Removing gui_val.o(i.GUI_DispDecAt), (34 bytes).
    Removing gui_val.o(i.GUI_DispDecMin), (20 bytes).
    Removing gui_val.o(i.GUI_DispDecSpace), (54 bytes).
    Removing gui_val.o(i.GUI_DispSDec), (6 bytes).
    Removing guicc_0.o(i.LCD_SetLUT), (16 bytes).
    Removing guicc_0.o(i.LCD_SetLUTEx), (34 bytes).
    Removing f13_ascii.o(.constdata), (36 bytes).
    Removing guidev_createfixed.o(i.GUI_MEMDEV_CreateFixed), (30 bytes).
    Removing guidev_getpos.o(i.GUI_MEMDEV_GetXPos), (40 bytes).
    Removing guidev_getpos.o(i.GUI_MEMDEV_GetYPos), (40 bytes).
    Removing guidev_getxsize.o(i.GUI_MEMDEV_GetXSize), (40 bytes).
    Removing checkbox_setstate.o(i.CHECKBOX_SetState), (56 bytes).
    Removing checkbox_skinclassic.o(i.CHECKBOX_SetDefaultSkinClassic), (16 bytes).
    Removing checkbox_skinclassic.o(i.CHECKBOX_SetSkinClassic), (36 bytes).
    Removing dropdown_skinclassic.o(i.DROPDOWN_SetDefaultSkinClassic), (16 bytes).
    Removing dropdown_skinclassic.o(i.DROPDOWN_SetSkinClassic), (36 bytes).
    Removing framewin_skinclassic.o(i.FRAMEWIN_SetDefaultSkinClassic), (16 bytes).
    Removing framewin_skinclassic.o(i.FRAMEWIN_SetSkinClassic), (124 bytes).
    Removing gui_array_resizeitem.o(i.GUI_ARRAY_ResizeItemLocked), (108 bytes).
    Removing header_skinclassic.o(i.HEADER_SetDefaultSkinClassic), (16 bytes).
    Removing header_skinclassic.o(i.HEADER_SetSkinClassic), (36 bytes).
    Removing listbox.o(i.LISTBOX_AddKey), (16 bytes).
    Removing listbox.o(i.LISTBOX_AddString), (148 bytes).
    Removing listbox.o(i.LISTBOX_Callback), (454 bytes).
    Removing listbox.o(i.LISTBOX_CreateEx), (28 bytes).
    Removing listbox.o(i.LISTBOX_CreateUser), (132 bytes).
    Removing listbox.o(i.LISTBOX_DecSel), (14 bytes).
    Removing listbox.o(i.LISTBOX_GetSel), (28 bytes).
    Removing listbox.o(i.LISTBOX_GetUserData), (6 bytes).
    Removing listbox.o(i.LISTBOX_IncSel), (12 bytes).
    Removing listbox.o(i.LISTBOX_InvalidateItem), (138 bytes).
    Removing listbox.o(i.LISTBOX_OwnerDraw), (524 bytes).
    Removing listbox.o(i.LISTBOX_SetSel), (142 bytes).
    Removing listbox.o(i.LISTBOX_SetText), (42 bytes).
    Removing listbox.o(i.LISTBOX_SetUserData), (6 bytes).
    Removing listbox.o(i.LISTBOX_UpdateScrollers), (86 bytes).
    Removing listbox.o(i.LISTBOX__AddSize), (62 bytes).
    Removing listbox.o(i.LISTBOX__GetNumItems), (6 bytes).
    Removing listbox.o(i.LISTBOX__GetpStringLocked), (42 bytes).
    Removing listbox.o(i.LISTBOX__InvalidateInsideArea), (20 bytes).
    Removing listbox.o(i.LISTBOX__InvalidateItem), (88 bytes).
    Removing listbox.o(i.LISTBOX__InvalidateItemAndBelow), (44 bytes).
    Removing listbox.o(i.LISTBOX__InvalidateItemSize), (26 bytes).
    Removing listbox.o(i.LISTBOX__SetScrollbarColor), (78 bytes).
    Removing listbox.o(i.LISTBOX__SetScrollbarWidth), (56 bytes).
    Removing listbox.o(i._AddKey), (230 bytes).
    Removing listbox.o(i._CallOwnerDraw), (36 bytes).
    Removing listbox.o(i._GetContentsSizeX), (130 bytes).
    Removing listbox.o(i._GetItemFromPos), (104 bytes).
    Removing listbox.o(i._GetItemPosY), (190 bytes).
    Removing listbox.o(i._GetItemSizeY), (100 bytes).
    Removing listbox.o(i._GetNumVisItems), (80 bytes).
    Removing listbox.o(i._GetYSize), (22 bytes).
    Removing listbox.o(i._ManageAutoScroll), (166 bytes).
    Removing listbox.o(i._MoveSel), (148 bytes).
    Removing listbox.o(i._NotifyOwner), (66 bytes).
    Removing listbox.o(i._OnPaint), (270 bytes).
    Removing listbox.o(i._ToggleMultiSel), (94 bytes).
    Removing listbox.o(i._Tolower), (12 bytes).
    Removing listbox.o(i._UpdateScrollPos), (186 bytes).
    Removing listbox.o(.data), (56 bytes).
    Removing listbox_addstringh.o(i.LISTBOX_AddStringH), (178 bytes).
    Removing listbox_create.o(i.LISTBOX_Create), (40 bytes).
    Removing listbox_create.o(i.LISTBOX_CreateAsChild), (40 bytes).
    Removing listbox_font.o(i.LISTBOX_GetFont), (24 bytes).
    Removing listbox_font.o(i.LISTBOX_SetFont), (40 bytes).
    Removing listbox_itemdisabled.o(i.LISTBOX_GetItemDisabled), (64 bytes).
    Removing listbox_itemdisabled.o(i.LISTBOX_SetItemDisabled), (92 bytes).
    Removing listbox_itemspacing.o(i.LISTBOX_GetItemSpacing), (26 bytes).
    Removing listbox_itemspacing.o(i.LISTBOX_SetItemSpacing), (36 bytes).
    Removing listbox_setautoscroll.o(i.LISTBOX_SetAutoScrollH), (74 bytes).
    Removing listbox_setautoscroll.o(i.LISTBOX_SetAutoScrollV), (74 bytes).
    Removing listbox_setbkcolor.o(i.LISTBOX_SetBkColor), (40 bytes).
    Removing listbox_setowner.o(i.LISTBOX_SetOwner), (32 bytes).
    Removing listbox_setscrollbarcolor.o(i.LISTBOX_SetScrollbarColor), (54 bytes).
    Removing listbox_setscrollbarwidth.o(i.LISTBOX_SetScrollbarWidth), (48 bytes).
    Removing listbox_settextalign.o(i.LISTBOX_SetTextAlign), (32 bytes).
    Removing listbox_settextcolor.o(i.LISTBOX_SetTextColor), (48 bytes).
    Removing progbar_skinclassic.o(i.PROGBAR_SetDefaultSkinClassic), (16 bytes).
    Removing progbar_skinclassic.o(i.PROGBAR_SetSkinClassic), (36 bytes).
    Removing radio_skinclassic.o(i.RADIO_SetDefaultSkinClassic), (16 bytes).
    Removing radio_skinclassic.o(i.RADIO_SetSkinClassic), (36 bytes).
    Removing scrollbar_create.o(i.SCROLLBAR_Create), (28 bytes).
    Removing scrollbar_skinclassic.o(i.SCROLLBAR_SetDefaultSkinClassic), (16 bytes).
    Removing scrollbar_skinclassic.o(i.SCROLLBAR_SetSkinClassic), (44 bytes).
    Removing slider_skinclassic.o(i.SLIDER_SetDefaultSkinClassic), (16 bytes).
    Removing slider_skinclassic.o(i.SLIDER_SetSkinClassic), (36 bytes).
    Removing widget_effect_3d.o(i.WIDGET_EFFECT_3D_GetColor), (20 bytes).
    Removing widget_effect_3d.o(i.WIDGET_EFFECT_3D_GetNumColors), (4 bytes).
    Removing widget_effect_3d.o(i.WIDGET_EFFECT_3D_SetColor), (16 bytes).
    Removing widget_effect_none.o(i._DrawDown), (2 bytes).
    Removing widget_effect_none.o(i._DrawDownRect), (2 bytes).
    Removing widget_effect_none.o(i._DrawFlat), (2 bytes).
    Removing widget_effect_none.o(i._DrawUp), (2 bytes).
    Removing widget_effect_none.o(i._DrawUpRect), (2 bytes).
    Removing widget_effect_none.o(.constdata), (28 bytes).
    Removing widget_seteffect.o(i.WIDGET_SetEffect), (22 bytes).
    Removing wm__sendmessageifenabled.o(i.WM__SendMessageIfEnabled), (28 bytes).
    Removing wm_getinsiderect.o(i.WM_GetInsideRect), (16 bytes).
    Removing wm_hascaptured.o(i.WM_HasCaptured), (32 bytes).
    Removing wm_hasfocus.o(i.WM_HasFocus), (32 bytes).
    Removing wm_memdev.o(i.WM_DisableMemdev), (22 bytes).
    Removing wm_memdev.o(i.WM_EnableMemdev), (20 bytes).
    Removing wm_move.o(i.WM_MoveTo), (4 bytes).
    Removing wm_move.o(i.WM__MoveTo), (46 bytes).
    Removing wm_movechildto.o(i.WM_MoveChildTo), (82 bytes).
    Removing wm_pid__getprevstate.o(i.WM_PID__GetPrevState), (28 bytes).
    Removing wm_pid__getprevstate.o(i.WM_PID__SetPrevState), (28 bytes).
    Removing wm_pid__getprevstate.o(.bss), (24 bytes).
    Removing wm_screen2win.o(i.WM_Screen2hWin), (10 bytes).
    Removing wm_screen2win.o(i.WM_Screen2hWinEx), (4 bytes).
    Removing wm_screen2win.o(i.WM__IsInWindow), (48 bytes).
    Removing wm_screen2win.o(i._Screen2hWin), (90 bytes).
    Removing wm_screen2win.o(i._Screen2hWinStop), (36 bytes).
    Removing wm_setcapture.o(i.WM_ReleaseCapture), (4 bytes).
    Removing wm_setcapturemove.o(i.WM_SetCaptureMove), (168 bytes).
    Removing wm_setcapturemove.o(.data), (4 bytes).
    Removing gui__expandpixelindices.o(i.GUI__ExpandPixelIndices), (218 bytes).
    Removing gui_circ.o(i.Draw8Point), (172 bytes).
    Removing gui_circ.o(i.GL_DrawCircle), (100 bytes).
    Removing gui_circ.o(i.GL_DrawEllipse), (208 bytes).
    Removing gui_circ.o(i.GL_FillEllipse), (126 bytes).
    Removing gui_circ.o(i.GUI_DrawCircle), (72 bytes).
    Removing gui_circ.o(i.GUI_DrawEllipse), (140 bytes).
    Removing gui_circ.o(i.GUI_FillCircle), (48 bytes).
    Removing gui_circ.o(i.GUI_FillEllipse), (100 bytes).
    Removing gui_cursorarrowm.o(.constdata), (20 bytes).
    Removing gui_cursorarrowm.o(.constdata), (12 bytes).
    Removing gui_sprite.o(i.GUI_SPRITE_Create), (24 bytes).
    Removing gui_sprite.o(i.GUI_SPRITE_CreateEx), (12 bytes).
    Removing gui_sprite.o(i.GUI_SPRITE_CreateHidden), (24 bytes).
    Removing gui_sprite.o(i.GUI_SPRITE_CreateHiddenEx), (12 bytes).
    Removing gui_sprite.o(i.GUI_SPRITE_Delete), (60 bytes).
    Removing gui_sprite.o(i.GUI_SPRITE_GetState), (28 bytes).
    Removing gui_sprite.o(i.GUI_SPRITE_Hide), (48 bytes).
    Removing gui_sprite.o(i.GUI_SPRITE_SetBitmap), (72 bytes).
    Removing gui_sprite.o(i.GUI_SPRITE_SetBitmapAndPosition), (96 bytes).
    Removing gui_sprite.o(i.GUI_SPRITE_SetPosition), (10 bytes).
    Removing gui_sprite.o(i.GUI_SPRITE_Show), (60 bytes).
    Removing gui_sprite.o(i.GUI_SPRITE__CreateEx), (164 bytes).
    Removing gui_sprite.o(i.GUI_SPRITE__SetCallback), (28 bytes).
    Removing gui_sprite.o(i._ClipRectEx), (22 bytes).
    Removing gui_sprite.o(i._CreateBuffer), (152 bytes).
    Removing gui_sprite.o(i._DoColorConversion), (132 bytes).
    Removing gui_sprite.o(i._DrawBitmap), (608 bytes).
    Removing gui_sprite.o(i._DrawHLine), (276 bytes).
    Removing gui_sprite.o(i._DrawVLine), (272 bytes).
    Removing gui_sprite.o(i._FillRect), (308 bytes).
    Removing gui_sprite.o(i._FlushBuffer), (116 bytes).
    Removing gui_sprite.o(i._GetBkPixel), (108 bytes).
    Removing gui_sprite.o(i._GetClipParam), (320 bytes).
    Removing gui_sprite.o(i._GetClipRect), (212 bytes).
    Removing gui_sprite.o(i._GetDevData), (4 bytes).
    Removing gui_sprite.o(i._GetDevFunc), (4 bytes).
    Removing gui_sprite.o(i._GetDevProp), (14 bytes).
    Removing gui_sprite.o(i._GetPixelIndex), (94 bytes).
    Removing gui_sprite.o(i._GetRect), (14 bytes).
    Removing gui_sprite.o(i._Link), (22 bytes).
    Removing gui_sprite.o(i._PixelExists), (58 bytes).
    Removing gui_sprite.o(i._ReleaseBuffer), (28 bytes).
    Removing gui_sprite.o(i._SetBitmap), (268 bytes).
    Removing gui_sprite.o(i._SetBitmapAndPosition), (536 bytes).
    Removing gui_sprite.o(i._SetOrg), (14 bytes).
    Removing gui_sprite.o(i._SetPixelIndex), (98 bytes).
    Removing gui_sprite.o(i._SetPosition), (684 bytes).
    Removing gui_sprite.o(i._SetSpriteBkPixel), (74 bytes).
    Removing gui_sprite.o(i._SpriteDraw), (264 bytes).
    Removing gui_sprite.o(i._Undraw), (216 bytes).
    Removing gui_sprite.o(i._Unlink), (22 bytes).
    Removing gui_sprite.o(i._XorPixel), (102 bytes).
    Removing gui_sprite.o(.constdata), (52 bytes).
    Removing lcd_aa.o(i.LCD_AA_MixColors), (32 bytes).
    Removing lcd_aa.o(i.LCD_SetPixelAA), (136 bytes).
    Removing lcd_aa.o(i.LCD_SetPixelAA_NoTrans), (144 bytes).
    Removing lcd_aa.o(i.LCD_SetPixelAA_Xor), (156 bytes).
    Removing lcd_readrect.o(i.GUI_ReadRect), (56 bytes).
    Removing lcd_readrect.o(i.LCD_ReadRect), (92 bytes).
    Removing lcd_readrect.o(i.LCD_ReadRectNoClip), (32 bytes).
    Removing f08_ascii.o(.constdata), (36 bytes).
    Removing scrollbar_defaults.o(i.SCROLLBAR_GetDefaultWidth), (12 bytes).
    Removing scrollbar_defaults.o(i.SCROLLBAR_GetThumbSizeMin), (12 bytes).
    Removing scrollbar_defaults.o(i.SCROLLBAR_SetDefaultColor), (24 bytes).
    Removing scrollbar_defaults.o(i.SCROLLBAR_SetDefaultWidth), (16 bytes).
    Removing scrollbar_defaults.o(i.SCROLLBAR_SetThumbSizeMin), (16 bytes).
    Removing scrollbar_setcolor.o(i.SCROLLBAR_SetColor), (52 bytes).
    Removing scrollbar_setwidth.o(i.SCROLLBAR_SetWidth), (26 bytes).
    Removing wm_getdesktopwindowex.o(i.WM_GetDesktopWindowEx), (20 bytes).
    Removing wm_getscrollstate.o(i.WM_GetScrollState), (16 bytes).
    Removing gui_cursorarrowmpx.o(.constdata), (60 bytes).
    Removing gui_getbitmappixelindex.o(i.GUI_GetBitmapPixelIndex), (22 bytes).
    Removing gui_getbitmappixelindex.o(i.GUI_GetBitmapPixelIndexEx), (138 bytes).
    Removing lcd_getpixelcolor.o(i.LCD_GetPixelColor), (14 bytes).
    Removing widget_setwidth.o(i.WIDGET_SetWidth), (50 bytes).
    Removing lcd_getp.o(i.GUI_GetPixelIndex), (4 bytes).
    Removing lcd_getp.o(i.LCD_GetPixelIndex), (96 bytes).
    Removing wm_setxsize.o(i.WM_SetXSize), (64 bytes).
    Removing wm_setysize.o(i.WM_SetYSize), (64 bytes).

1904 unused section(s) (total 275705 bytes) removed from the image.
